{"positions": 100, "seconds": 1.2}
{"positions": 200, "seconds": 2.3}
{"positions": 300, "seconds": 3.5}
{"positions": 400, "seconds": 4.6}
{"positions": 500, "seconds": 5.8}
{"positions": 600, "seconds": 7.1}
{"positions": 700, "seconds": 8.3}
{"positions": 800, "seconds": 9.4}
{"positions": 900, "seconds": 10.6}
{
  "status": "posthoc_secondary_exploratory",
  "source": "/Users/gonuts/agent-workspace/kaggle-information-experiment-20260914/confirm-1",
  "seed": 2026091461,
  "bootstrap_replicates": 4000,
  "groups": {
    "all900_with_unresolved_bounds": {
      "low": {
        "positions": 300,
        "games": 300,
        "bootstrap_replicates": 4000,
        "metrics": {
          "hidden_mse": {
            "mean_bounds": [
              0.025444446931612387,
              0.025444446931612387
            ],
            "outer_two_sided_95": [
              0.01886632212404451,
              0.032451535331520565
            ]
          },
          "revealed_mse": {
            "mean_bounds": [
              0.008826656156230739,
              0.008826656156230739
            ],
            "outer_two_sided_95": [
              0.0059355637084755435,
              0.012314407879828022
            ]
          },
          "prediction_gain": {
            "mean_bounds": [
              0.016617790775381638,
              0.016617790775381638
            ],
            "outer_two_sided_95": [
              0.011451217380448452,
              0.022335722622359937
            ]
          }
        }
      },
      "mid": {
        "positions": 300,
        "games": 300,
        "bootstrap_replicates": 4000,
        "metrics": {
          "hidden_mse": {
            "mean_bounds": [
              0.08287067857024877,
              0.08289038244192276
            ],
            "outer_two_sided_95": [
              0.07270348179001485,
              0.09341153512983986
            ]
          },
          "revealed_mse": {
            "mean_bounds": [
              0.05767951584412765,
              0.057700263558700136
            ],
            "outer_two_sided_95": [
              0.049991861882102,
              0.06565478052292494
            ]
          },
          "prediction_gain": {
            "mean_bounds": [
              0.0251704150115486,
              0.02521086659779509
            ],
            "outer_two_sided_95": [
              0.020675087397106565,
              0.030088363231714956
            ]
          }
        }
      },
      "high": {
        "positions": 300,
        "games": 300,
        "bootstrap_replicates": 4000,
        "metrics": {
          "hidden_mse": {
            "mean_bounds": [
              0.12147832564874123,
              0.12158712379498908
            ],
            "outer_two_sided_95": [
              0.11136770176331033,
              0.13175651088048473
            ]
          },
          "revealed_mse": {
            "mean_bounds": [
              0.10611710737851336,
              0.10623045729306413
            ],
            "outer_two_sided_95": [
              0.09721412699553983,
              0.11526029072422538
            ]
          },
          "prediction_gain": {
            "mean_bounds": [
              0.015247868355677182,
              0.01547001641647583
            ],
            "outer_two_sided_95": [
              0.011876083769535658,
              0.019291766668280613
            ]
          }
        }
      }
    },
    "complete_cases": {
      "low": {
        "positions": 300,
        "games": 300,
        "bootstrap_replicates": 4000,
        "metrics": {
          "hidden_mse": {
            "mean_bounds": [
              0.025444446931612387,
              0.025444446931612387
            ],
            "outer_two_sided_95": [
              0.019079445276012668,
              0.032595541208371805
            ]
          },
          "revealed_mse": {
            "mean_bounds": [
              0.008826656156230739,
              0.008826656156230739
            ],
            "outer_two_sided_95": [
              0.005891487227270615,
              0.012225640707855444
            ]
          },
          "prediction_gain": {
            "mean_bounds": [
              0.016617790775381638,
              0.016617790775381638
            ],
            "outer_two_sided_95": [
              0.011519387920617252,
              0.0222436432635228
            ]
          }
        }
      },
      "mid": {
        "positions": 299,
        "games": 299,
        "bootstrap_replicates": 4000,
        "metrics": {
          "hidden_mse": {
            "mean_bounds": [
              0.08305166603567815,
              0.08305166603567815
            ],
            "outer_two_sided_95": [
              0.07269373345948191,
              0.0932369134437589
            ]
          },
          "revealed_mse": {
            "mean_bounds": [
              0.05777632927569768,
              0.05777632927569768
            ],
            "outer_two_sided_95": [
              0.05009030103834203,
              0.06537973148656508
            ]
          },
          "prediction_gain": {
            "mean_bounds": [
              0.025275336759980442,
              0.025275336759980442
            ],
            "outer_two_sided_95": [
              0.02088090516773144,
              0.030000241832670763
            ]
          }
        }
      },
      "high": {
        "positions": 299,
        "games": 299,
        "bootstrap_replicates": 4000,
        "metrics": {
          "hidden_mse": {
            "mean_bounds": [
              0.12177962001314557,
              0.12177962001314557
            ],
            "outer_two_sided_95": [
              0.11217803893697767,
              0.13163410117734373
            ]
          },
          "revealed_mse": {
            "mean_bounds": [
              0.10636283975288495,
              0.10636283975288495
            ],
            "outer_two_sided_95": [
              0.09781824650497727,
              0.11503296358247635
            ]
          },
          "prediction_gain": {
            "mean_bounds": [
              0.015416780260260741,
              0.015416780260260741
            ],
            "outer_two_sided_95": [
              0.012096852242463069,
              0.01908008336236144
            ]
          }
        }
      }
    },
    "complete_nonsaturated_posthoc": {
      "low": {
        "positions": 95,
        "games": 95,
        "bootstrap_replicates": 4000,
        "metrics": {
          "hidden_mse": {
            "mean_bounds": [
              0.08035088504719701,
              0.08035088504719701
            ],
            "outer_two_sided_95": [
              0.06344289780322189,
              0.09790516188454865
            ]
          },
          "revealed_mse": {
            "mean_bounds": [
              0.02787365101967602,
              0.02787365101967602
            ],
            "outer_two_sided_95": [
              0.019424580830507184,
              0.03775788640552241
            ]
          },
          "prediction_gain": {
            "mean_bounds": [
              0.05247723402752096,
              0.05247723402752096
            ],
            "outer_two_sided_95": [
              0.03816777583081911,
              0.06717412250652356
            ]
          }
        }
      },
      "mid": {
        "positions": 220,
        "games": 220,
        "bootstrap_replicates": 4000,
        "metrics": {
          "hidden_mse": {
            "mean_bounds": [
              0.1128747642939444,
              0.1128747642939444
            ],
            "outer_two_sided_95": [
              0.1011667805356678,
              0.12510722847135305
            ]
          },
          "revealed_mse": {
            "mean_bounds": [
              0.07852328387924366,
              0.07852328387924366
            ],
            "outer_two_sided_95": [
              0.06949157694964583,
              0.08801503150994487
            ]
          },
          "prediction_gain": {
            "mean_bounds": [
              0.034351480414700694,
              0.034351480414700694
            ],
            "outer_two_sided_95": [
              0.028867397887381786,
              0.040422001592336984
            ]
          }
        }
      },
      "high": {
        "positions": 297,
        "games": 297,
        "bootstrap_replicates": 4000,
        "metrics": {
          "hidden_mse": {
            "mean_bounds": [
              0.12259968479437888,
              0.12259968479437888
            ],
            "outer_two_sided_95": [
              0.11260591051247354,
              0.1324880836466275
            ]
          },
          "revealed_mse": {
            "mean_bounds": [
              0.10707908783202896,
              0.10707908783202896
            ],
            "outer_two_sided_95": [
              0.09838458702371379,
              0.11596008197945053
            ]
          },
          "prediction_gain": {
            "mean_bounds": [
              0.01552059696235004,
              0.01552059696235004
            ],
            "outer_two_sided_95": [
              0.01202272370053882,
              0.01926114433471004
            ]
          }
        }
      }
    }
  },
  "paired_high_minus_low_complete": {
    "positions": 116,
    "games": 116,
    "bootstrap_replicates": 4000,
    "metrics": {
      "hidden_mse": {
        "mean_bounds": [
          0.10189798752241434,
          0.10189798752241434
        ],
        "outer_two_sided_95": [
          0.0833643424633149,
          0.1202350723878088
        ]
      },
      "revealed_mse": {
        "mean_bounds": [
          0.1061992374588531,
          0.1061992374588531
        ],
        "outer_two_sided_95": [
          0.09166377557666346,
          0.12048497258474997
        ]
      },
      "prediction_gain": {
        "mean_bounds": [
          -0.004301249936438795,
          -0.004301249936438795
        ],
        "outer_two_sided_95": [
          -0.014442430408687706,
          0.005313703898927515
        ]
      }
    },
    "contrast": "high minus low within the same game; observational association",
    "game_ids": [
      "100034997",
      "100101680",
      "100213160",
      "100331811",
      "100381890",
      "100485052",
      "100807649",
      "100818309",
      "100904280",
      "100948542",
      "101036806",
      "101091245",
      "101123163",
      "101266156",
      "101289587",
      "101328936",
      "101393339",
      "101406213",
      "101551174",
      "101664283",
      "101693480",
      "101795922",
      "101805011",
      "101895256",
      "101898563",
      "101907975",
      "101948716",
      "101987891",
      "102055181",
      "102135824",
      "102159780",
      "102199412",
      "102225466",
      "102329941",
      "102357080",
      "102433210",
      "102472063",
      "102545604",
      "102555060",
      "102602423",
      "102627177",
      "102684783",
      "102708477",
      "102797622",
      "102813534",
      "102928014",
      "102976387",
      "102978291",
      "103007993",
      "103122807",
      "103157923",
      "103336540",
      "103515271",
      "103567725",
      "103646451",
      "103729511",
      "103764710",
      "103791961",
      "104074467",
      "104169193",
      "104300861",
      "96103311",
      "96254358",
      "96675933",
      "96683308",
      "96737817",
      "96780575",
      "96863027",
      "96909044",
      "96940682",
      "96988671",
      "97089224",
      "97091617",
      "97305450",
      "97329581",
      "97439213",
      "97658170",
      "97717735",
      "97736477",
      "97799062",
      "97894059",
      "97901392",
      "97994457",
      "98070249",
      "98082579",
      "98145776",
      "98281120",
      "98288884",
      "98399735",
      "98431926",
      "98485373",
      "98516231",
      "98532354",
      "98539070",
      "98739496",
      "98776548",
      "98888060",
      "98912734",
      "98917523",
      "99019696",
      "99066608",
      "99078913",
      "99097602",
      "99196153",
      "99341746",
      "99373757",
      "99397499",
      "99410574",
      "99426251",
      "99453150",
      "99552517",
      "99638821",
      "99671781",
      "99706092",
      "99963101",
      "99975393"
    ]
  },
  "paired_high_minus_low_both_nonsaturated_posthoc": {
    "positions": 42,
    "games": 42,
    "bootstrap_replicates": 4000,
    "metrics": {
      "hidden_mse": {
        "mean_bounds": [
          0.04747870967599982,
          0.04747870967599982
        ],
        "outer_two_sided_95": [
          0.015189610118350889,
          0.08056977986748798
        ]
      },
      "revealed_mse": {
        "mean_bounds": [
          0.08527951533791292,
          0.08527951533791292
        ],
        "outer_two_sided_95": [
          0.0588103897114648,
          0.11090891265659442
        ]
      },
      "prediction_gain": {
        "mean_bounds": [
          -0.03780080566191308,
          -0.03780080566191308
        ],
        "outer_two_sided_95": [
          -0.06075271979268208,
          -0.014267042462853458
        ]
      }
    },
    "contrast": "high minus low within the same game; observational association",
    "game_ids": [
      "100034997",
      "100101680",
      "100331811",
      "100485052",
      "100818309",
      "101289587",
      "101898563",
      "101907975",
      "102225466",
      "102472063",
      "102545604",
      "102555060",
      "102627177",
      "102684783",
      "102813534",
      "102978291",
      "103122807",
      "103515271",
      "103567725",
      "104074467",
      "96103311",
      "96254358",
      "96675933",
      "96909044",
      "96940682",
      "96988671",
      "97091617",
      "97329581",
      "97439213",
      "97658170",
      "97717735",
      "97799062",
      "97901392",
      "98485373",
      "99019696",
      "99097602",
      "99397499",
      "99410574",
      "99426251",
      "99453150",
      "99638821",
      "99975393"
    ]
  },
  "source_final_summary_sha256": "38463917412631ad761d604eb76059bf0b3d30f05d35a5aa0a296049ada8b30f",
  "analyzer_sha256": "94964c4b1a003e567715ddb65d33f8e404953f5cb90c024f16c69833374fec55",
  "elapsed_seconds": 10.791479110717773
}
