[srch] t=1075 rule_t=1075 ovr=0
[srch] t=1012 rule_t=332 ovr=0
[srch] t=994 rule_t=497 ovr=0
[srch] t=975 rule_t=975 ovr=0
[srch] t=881 rule_t=881 ovr=0
[srch] t=844 rule_t=844 ovr=0
[srch] t=335 rule_t=109 ovr=0
[srch] t=382 rule_t=191 ovr=0
[srch] t=503 rule_t=503 ovr=0
[srch] t=505 rule_t=505 ovr=0
[srch] t=690 rule_t=690 ovr=0
[srch] t=1009 rule_t=1009 ovr=0
[srch] t=1267 rule_t=417 ovr=0
[srch] t=1376 rule_t=688 ovr=0
[srch] t=1703 rule_t=1703 ovr=0
[srch] t=4020 rule_t=4020 ovr=0
[srch] t=1102 rule_t=1102 ovr=0
[srch] t=928 rule_t=304 ovr=0
[srch] t=916 rule_t=916 ovr=0
[srch] t=856 rule_t=424 ovr=0
[srch] t=835 rule_t=835 ovr=0
[srch] t=896 rule_t=296 ovr=0
[srch] t=888 rule_t=888 ovr=0
[srch] t=923 rule_t=923 ovr=0
[srch] t=1200 rule_t=1200 ovr=0
[srch] t=2411 rule_t=2411 ovr=0
[srch] t=2399 rule_t=2399 ovr=0
[srch] t=3210 rule_t=1605 ovr=0
[srch] t=7234 rule_t=3617 ovr=0
[srch] t=17322 rule_t=8645 ovr=0
[srch] t=37315 rule_t=37315 ovr=0
[srch] t=1213 rule_t=1213 ovr=0
[srch] t=1439 rule_t=477 ovr=0
[srch] t=1417 rule_t=1417 ovr=0
[public_ryotasueyoshi_best5                ] W3/D0/L1/E0 (alakazam_control)
[srch] t=1018 rule_t=1018 ovr=0
[srch] t=1010 rule_t=502 ovr=0
[srch] t=970 rule_t=970 ovr=0
[srch] t=859 rule_t=859 ovr=0
[srch] t=1066 rule_t=1066 ovr=0
[srch] t=1420 rule_t=1420 ovr=0
[srch] t=1546 rule_t=1546 ovr=0
[srch] t=1096 rule_t=1096 ovr=0
[srch] t=1045 rule_t=1045 ovr=0
[srch] t=1012 rule_t=1012 ovr=0
[srch] t=1000 rule_t=1000 ovr=0
[srch] t=1054 rule_t=1054 ovr=0
[srch] t=1009 rule_t=1009 ovr=0
[srch] t=984 rule_t=486 ovr=0
[srch] t=977 rule_t=977 ovr=0
[srch] t=1049 rule_t=1049 ovr=0
[srch] t=1449 rule_t=1449 ovr=0
[srch] t=797 rule_t=266 ovr=0
[srch] t=844 rule_t=422 ovr=0
[srch] t=844 rule_t=422 ovr=0
[srch] t=612 rule_t=198 ovr=0
[srch] t=874 rule_t=437 ovr=0
[srch] t=755 rule_t=755 ovr=0
[srch] t=1201 rule_t=1201 ovr=0
[srch] t=2586 rule_t=862 ovr=0
[srch] t=10428 rule_t=10428 ovr=0
[srch] t=1110 rule_t=1110 ovr=0
[srch] t=1527 rule_t=1527 ovr=0
[srch] t=210 rule_t=70 ovr=1
[srch] t=282 rule_t=92 ovr=1
[srch] t=428 rule_t=428 ovr=0
[srch] t=451 rule_t=451 ovr=0
[srch] t=762 rule_t=378 ovr=0
[srch] t=1288 rule_t=644 ovr=0
[public_makthanithin_1084                  ] W2/D0/L2/E0 (baseline)
[srch] t=1072 rule_t=1072 ovr=0
[srch] t=1000 rule_t=488 ovr=0
[srch] t=1000 rule_t=500 ovr=0
[srch] t=998 rule_t=998 ovr=0
[srch] t=949 rule_t=949 ovr=0
[srch] t=957 rule_t=957 ovr=0
[srch] t=932 rule_t=932 ovr=0
[srch] t=925 rule_t=925 ovr=0
[srch] t=927 rule_t=927 ovr=0
[srch] t=885 rule_t=885 ovr=0
[srch] t=867 rule_t=867 ovr=0
[srch] t=827 rule_t=827 ovr=0
[srch] t=176 rule_t=88 ovr=0
[srch] t=172 rule_t=86 ovr=0
[srch] t=206 rule_t=97 ovr=0
[srch] t=246 rule_t=123 ovr=0
[srch] t=308 rule_t=308 ovr=0
[srch] t=358 rule_t=358 ovr=0
[srch] t=391 rule_t=391 ovr=0
[srch] t=328 rule_t=161 ovr=0
[srch] t=946 rule_t=473 ovr=0
[srch] t=1022 rule_t=511 ovr=0
[srch] t=1019 rule_t=1019 ovr=0
[srch] t=928 rule_t=928 ovr=0
[srch] t=843 rule_t=275 ovr=0
[srch] t=842 rule_t=412 ovr=0
[srch] t=846 rule_t=280 ovr=0
[srch] t=838 rule_t=838 ovr=0
[srch] t=804 rule_t=393 ovr=0
[srch] t=296 rule_t=136 ovr=0
[srch] t=276 rule_t=126 ovr=0
[srch] t=286 rule_t=134 ovr=0
[srch] t=466 rule_t=233 ovr=0
[srch] t=471 rule_t=471 ovr=0
[srch] t=405 rule_t=405 ovr=0
[srch] t=374 rule_t=187 ovr=0
[srch] t=410 rule_t=410 ovr=0
[srch] t=412 rule_t=200 ovr=0
[srch] t=416 rule_t=205 ovr=0
[srch] t=538 rule_t=269 ovr=0
[srch] t=1432 rule_t=1432 ovr=0
[srch] t=1435 rule_t=1435 ovr=0
[srch] t=2546 rule_t=2546 ovr=0
[srch] t=3237 rule_t=3237 ovr=0
[srch] t=31459 rule_t=31459 ovr=0
[srch] t=1022 rule_t=511 ovr=0
[srch] t=1000 rule_t=1000 ovr=0
[srch] t=1004 rule_t=1004 ovr=0
[srch] t=999 rule_t=999 ovr=0
[srch] t=976 rule_t=976 ovr=0
[srch] t=921 rule_t=921 ovr=0
[srch] t=893 rule_t=893 ovr=0
[srch] t=868 rule_t=868 ovr=0
[srch] t=207 rule_t=207 ovr=0
[srch] t=209 rule_t=209 ovr=0
[srch] t=152 rule_t=73 ovr=0
[srch] t=218 rule_t=109 ovr=0
[srch] t=222 rule_t=222 ovr=0
[srch] t=241 rule_t=241 ovr=0
[srch] t=240 rule_t=240 ovr=0
[srch] t=258 rule_t=258 ovr=0
[srch] t=278 rule_t=133 ovr=0
[srch] t=311 rule_t=311 ovr=0
[srch] t=445 rule_t=445 ovr=0
[srch] t=475 rule_t=475 ovr=0
[srch] t=430 rule_t=215 ovr=0
[srch] t=500 rule_t=162 ovr=0
[srch] t=566 rule_t=566 ovr=0
[srch] t=565 rule_t=565 ovr=0
[srch] t=579 rule_t=579 ovr=0
[srch] t=577 rule_t=577 ovr=0
[srch] t=726 rule_t=357 ovr=0
[srch] t=877 rule_t=877 ovr=0
[srch] t=1066 rule_t=1066 ovr=0
[srch] t=990 rule_t=990 ovr=0
[srch] t=972 rule_t=972 ovr=0
[srch] t=952 rule_t=952 ovr=0
[srch] t=810 rule_t=810 ovr=0
[srch] t=828 rule_t=274 ovr=0
[srch] t=832 rule_t=832 ovr=0
[srch] t=832 rule_t=413 ovr=0
[srch] t=236 rule_t=106 ovr=0
[srch] t=212 rule_t=66 ovr=0
[srch] t=188 rule_t=60 ovr=0
[srch] t=219 rule_t=71 ovr=0
[srch] t=275 rule_t=275 ovr=0
[srch] t=233 rule_t=233 ovr=0
[srch] t=222 rule_t=111 ovr=0
[srch] t=231 rule_t=231 ovr=0
[srch] t=536 rule_t=536 ovr=0
[srch] t=553 rule_t=553 ovr=0
[srch] t=559 rule_t=559 ovr=0
[srch] t=712 rule_t=356 ovr=0
[srch] t=812 rule_t=812 ovr=0
[srch] t=1230 rule_t=609 ovr=1
[srch] t=3018 rule_t=1509 ovr=0
[pub_skarin_dragapult                      ] W2/D0/L2/E0 (Dreepy)
[srch] t=1160 rule_t=580 ovr=0
[srch] t=1084 rule_t=542 ovr=0
[srch] t=198 rule_t=99 ovr=0
[srch] t=700 rule_t=228 ovr=0
[srch] t=781 rule_t=255 ovr=0
[srch] t=2048 rule_t=1008 ovr=0
[srch] t=3398 rule_t=3398 ovr=0
[srch] t=8182 rule_t=4087 ovr=0
[srch] t=18198 rule_t=18198 ovr=0
[srch] t=39433 rule_t=39433 ovr=0
[srch] t=1366 rule_t=1366 ovr=0
[srch] t=1250 rule_t=621 ovr=0
[srch] t=1249 rule_t=1249 ovr=0
[srch] t=1183 rule_t=1183 ovr=0
[srch] t=1187 rule_t=1187 ovr=0
[srch] t=1582 rule_t=1582 ovr=0
[srch] t=1824 rule_t=1824 ovr=0
[srch] t=1161 rule_t=1161 ovr=0
[srch] t=1985 rule_t=1985 ovr=0
[srch] t=1012 rule_t=332 ovr=0
[srch] t=2190 rule_t=1095 ovr=0
[srch] t=4237 rule_t=4237 ovr=0
[srch] t=1236 rule_t=1236 ovr=0
[srch] t=1182 rule_t=1182 ovr=0
[srch] t=1020 rule_t=510 ovr=0
[srch] t=1053 rule_t=1053 ovr=0
[srch] t=1139 rule_t=1139 ovr=0
[srch] t=199 rule_t=61 ovr=0
[srch] t=165 rule_t=74 ovr=0
[srch] t=166 rule_t=83 ovr=0
[srch] t=177 rule_t=85 ovr=0
[srch] t=252 rule_t=126 ovr=0
[srch] t=315 rule_t=315 ovr=0
[srch] t=542 rule_t=259 ovr=0
[srch] t=987 rule_t=329 ovr=0
[srch] t=4333 rule_t=4333 ovr=0
[srch] t=1284 rule_t=1284 ovr=0
[srch] t=1110 rule_t=1110 ovr=0
[srch] t=1145 rule_t=1145 ovr=0
[srch] t=1307 rule_t=1307 ovr=0
[srch] t=2286 rule_t=2286 ovr=0
[srch] t=4237 rule_t=4237 ovr=0
[pub_kiyotah_iono                          ] W1/D0/L3/E0 (Iono’s Voltorb)
[srch] t=1077 rule_t=355 ovr=0
[srch] t=1080 rule_t=360 ovr=0
[srch] t=1032 rule_t=1032 ovr=0
[srch] t=1252 rule_t=611 ovr=0
[srch] t=1658 rule_t=823 ovr=0
[srch] t=1760 rule_t=880 ovr=0
[srch] t=1852 rule_t=926 ovr=0
[srch] t=2073 rule_t=2073 ovr=0
[srch] t=2256 rule_t=2256 ovr=0
[srch] t=1077 rule_t=1077 ovr=0
[srch] t=1104 rule_t=1104 ovr=0
[srch] t=572 rule_t=283 ovr=0
[srch] t=618 rule_t=306 ovr=0
[srch] t=890 rule_t=445 ovr=0
[srch] t=918 rule_t=459 ovr=0
[srch] t=935 rule_t=935 ovr=0
[srch] t=816 rule_t=402 ovr=0
[srch] t=1049 rule_t=1049 ovr=0
[srch] t=4554 rule_t=2277 ovr=0
[srch] t=6152 rule_t=3058 ovr=0
[srch] t=1034 rule_t=1034 ovr=0
[srch] t=992 rule_t=496 ovr=0
[srch] t=1015 rule_t=1015 ovr=0
[srch] t=912 rule_t=912 ovr=0
[srch] t=894 rule_t=894 ovr=0
[srch] t=962 rule_t=962 ovr=0
[srch] t=844 rule_t=419 ovr=0
[srch] t=900 rule_t=450 ovr=0
[srch] t=909 rule_t=909 ovr=0
[srch] t=1050 rule_t=525 ovr=0
[srch] t=1242 rule_t=621 ovr=0
[srch] t=1741 rule_t=1741 ovr=0
[srch] t=1576 rule_t=788 ovr=0
[srch] t=832 rule_t=410 ovr=0
[srch] t=832 rule_t=416 ovr=0
[srch] t=827 rule_t=827 ovr=0
[srch] t=809 rule_t=809 ovr=0
[srch] t=805 rule_t=805 ovr=0
[srch] t=835 rule_t=835 ovr=0
[srch] t=317 rule_t=317 ovr=0
[srch] t=331 rule_t=331 ovr=0
[srch] t=471 rule_t=153 ovr=0
[srch] t=399 rule_t=399 ovr=0
[srch] t=349 rule_t=349 ovr=0
[srch] t=362 rule_t=362 ovr=0
[srch] t=853 rule_t=427 ovr=0
[srch] t=719 rule_t=719 ovr=0
[srch] t=1206 rule_t=402 ovr=0
[srch] t=1493 rule_t=1493 ovr=0
[srch] t=2752 rule_t=2752 ovr=0
[srch] t=3296 rule_t=3296 ovr=0
[srch] t=9078 rule_t=4536 ovr=0
[srch] t=13802 rule_t=13802 ovr=0
[srch] t=32783 rule_t=32783 ovr=0
[pub_emanuellcs_deckaware                  ] W4/D0/L0/E0 (Dreepy)
[srch] t=1568 rule_t=784 ovr=0
[srch] t=1568 rule_t=1568 ovr=0
[srch] t=1404 rule_t=702 ovr=0
[srch] t=1406 rule_t=1406 ovr=0
[srch] t=1408 rule_t=1408 ovr=0
[srch] t=1280 rule_t=1280 ovr=0
[srch] t=1109 rule_t=1109 ovr=0
[srch] t=1198 rule_t=599 ovr=0
[srch] t=1204 rule_t=602 ovr=0
[srch] t=1180 rule_t=590 ovr=0
[srch] t=428 rule_t=428 ovr=0
[srch] t=1509 rule_t=1509 ovr=0
[srch] t=1702 rule_t=1702 ovr=0
[srch] t=1408 rule_t=700 ovr=0
[srch] t=1445 rule_t=1445 ovr=0
[srch] t=1692 rule_t=846 ovr=0
[srch] t=1766 rule_t=1766 ovr=0
[srch] t=415 rule_t=133 ovr=0
[srch] t=536 rule_t=260 ovr=0
[srch] t=598 rule_t=299 ovr=0
[srch] t=1646 rule_t=1646 ovr=0
[srch] t=1719 rule_t=1719 ovr=0
[srch] t=4896 rule_t=2444 ovr=0
[srch] t=1858 rule_t=921 ovr=0
[srch] t=1866 rule_t=1866 ovr=0
[srch] t=1618 rule_t=1618 ovr=0
[srch] t=1614 rule_t=1614 ovr=0
[srch] t=1543 rule_t=1543 ovr=0
[srch] t=1500 rule_t=1500 ovr=0
[srch] t=2227 rule_t=2227 ovr=0
[srch] t=2606 rule_t=2606 ovr=0
[srch] t=4302 rule_t=2147 ovr=0
[srch] t=8138 rule_t=4069 ovr=0
[srch] t=1721 rule_t=571 ovr=0
[srch] t=1829 rule_t=1829 ovr=0
[srch] t=1820 rule_t=1820 ovr=0
[srch] t=1862 rule_t=1862 ovr=0
[srch] t=1717 rule_t=1717 ovr=0
[srch] t=1662 rule_t=554 ovr=0
[srch] t=1780 rule_t=886 ovr=0
[srch] t=1749 rule_t=1749 ovr=0
[srch] t=1707 rule_t=1707 ovr=0
[srch] t=8264 rule_t=2752 ovr=0
[pub_prvsiyan_grimmsnarl_bc                ] W3/D0/L1/E0 (grimmsnarl_darkness_froslass)
[pub_pixiux_tank                           ] W0/D0/L4/E0 (crustle_tank_solo)
[srch] t=1861 rule_t=1861 ovr=0
[srch] t=1346 rule_t=1346 ovr=0
[srch] t=1629 rule_t=1629 ovr=0
[srch] t=1659 rule_t=1659 ovr=0
[srch] t=1395 rule_t=1395 ovr=0
[srch] t=1240 rule_t=1240 ovr=0
[srch] t=1166 rule_t=1166 ovr=0
[srch] t=1078 rule_t=1078 ovr=0
[srch] t=1140 rule_t=1140 ovr=0
[srch] t=1163 rule_t=1163 ovr=0
[srch] t=1363 rule_t=1363 ovr=0
[srch] t=1733 rule_t=575 ovr=0
[srch] t=1790 rule_t=1790 ovr=0
[srch] t=1990 rule_t=1990 ovr=0
[srch] t=2652 rule_t=2652 ovr=0
[srch] t=2828 rule_t=940 ovr=0
[srch] t=3120 rule_t=3120 ovr=0
[srch] t=309 rule_t=309 ovr=0
[srch] t=372 rule_t=372 ovr=0
[srch] t=580 rule_t=580 ovr=0
[srch] t=1010 rule_t=1010 ovr=0
[srch] t=1328 rule_t=1328 ovr=0
[srch] t=2004 rule_t=2004 ovr=0
[srch] t=26904 rule_t=26904 ovr=0
[srch] t=1462 rule_t=731 ovr=0
[srch] t=1482 rule_t=737 ovr=0
[srch] t=1474 rule_t=737 ovr=0
[srch] t=1516 rule_t=1516 ovr=0
[srch] t=1750 rule_t=1750 ovr=0
[srch] t=1578 rule_t=1578 ovr=0
[srch] t=1436 rule_t=1436 ovr=0
[srch] t=1220 rule_t=590 ovr=0
[srch] t=1265 rule_t=1265 ovr=0
[srch] t=1283 rule_t=1283 ovr=0
[srch] t=1356 rule_t=678 ovr=0
[srch] t=1414 rule_t=707 ovr=0
[srch] t=1568 rule_t=784 ovr=0
[srch] t=117 rule_t=58 ovr=0
[srch] t=138 rule_t=69 ovr=0
[srch] t=161 rule_t=161 ovr=0
[srch] t=208 rule_t=104 ovr=0
[srch] t=239 rule_t=239 ovr=0
[srch] t=234 rule_t=234 ovr=0
[srch] t=226 rule_t=226 ovr=0
[srch] t=286 rule_t=286 ovr=0
[srch] t=326 rule_t=163 ovr=0
[srch] t=311 rule_t=311 ovr=0
[srch] t=146 rule_t=73 ovr=0
[srch] t=172 rule_t=172 ovr=0
[srch] t=186 rule_t=186 ovr=0
[srch] t=190 rule_t=190 ovr=0
[srch] t=217 rule_t=217 ovr=0
[srch] t=220 rule_t=220 ovr=0
[srch] t=266 rule_t=266 ovr=0
[srch] t=271 rule_t=271 ovr=0
[srch] t=358 rule_t=358 ovr=0
[srch] t=1130 rule_t=565 ovr=0
[srch] t=4764 rule_t=2378 ovr=0
[srch] t=13344 rule_t=13344 ovr=0
[srch] t=1214 rule_t=607 ovr=0
[srch] t=1298 rule_t=1298 ovr=0
[srch] t=1468 rule_t=1468 ovr=0
[srch] t=1286 rule_t=1286 ovr=0
[srch] t=1267 rule_t=1267 ovr=0
[srch] t=1280 rule_t=1280 ovr=0
[srch] t=1299 rule_t=425 ovr=0
[srch] t=1206 rule_t=1206 ovr=0
[srch] t=3220 rule_t=3220 ovr=0
[srch] t=5657 rule_t=5657 ovr=0
[srch] t=7827 rule_t=7827 ovr=0
[srch] t=1335 rule_t=445 ovr=0
[srch] t=1404 rule_t=468 ovr=0
[srch] t=1402 rule_t=1402 ovr=0
[srch] t=1485 rule_t=1485 ovr=0
[srch] t=1520 rule_t=1520 ovr=0
[srch] t=1308 rule_t=1308 ovr=0
[srch] t=1359 rule_t=1359 ovr=0
[srch] t=1387 rule_t=1387 ovr=0
[srch] t=1342 rule_t=1342 ovr=0
[srch] t=1544 rule_t=772 ovr=1
[pub_map1e_tank                            ] W2/D0/L2/E0 (crustle_tank_q)
[srch] t=932 rule_t=458 ovr=0
[srch] t=932 rule_t=932 ovr=0
[srch] t=868 rule_t=434 ovr=0
[srch] t=888 rule_t=888 ovr=0
[srch] t=856 rule_t=428 ovr=1
[srch] t=891 rule_t=891 ovr=0
[srch] t=970 rule_t=481 ovr=0
[srch] t=934 rule_t=467 ovr=0
[srch] t=990 rule_t=495 ovr=0
[srch] t=1056 rule_t=516 ovr=0
[srch] t=1104 rule_t=540 ovr=0
[srch] t=1178 rule_t=585 ovr=0
[srch] t=1123 rule_t=369 ovr=0
[srch] t=1165 rule_t=383 ovr=0
[srch] t=1248 rule_t=408 ovr=0
[srch] t=1449 rule_t=475 ovr=0
[srch] t=1524 rule_t=500 ovr=0
[srch] t=1605 rule_t=535 ovr=0
[srch] t=1563 rule_t=521 ovr=0
[srch] t=1345 rule_t=435 ovr=0
[srch] t=2538 rule_t=1265 ovr=0
[srch] t=3463 rule_t=1149 ovr=0
[srch] t=4628 rule_t=2306 ovr=0
[srch] t=6388 rule_t=3194 ovr=0
[srch] t=9812 rule_t=9812 ovr=0
[srch] t=30798 rule_t=30798 ovr=0
[srch] t=1012 rule_t=1012 ovr=0
[srch] t=964 rule_t=482 ovr=0
[srch] t=962 rule_t=962 ovr=0
[srch] t=872 rule_t=872 ovr=0
[srch] t=830 rule_t=407 ovr=0
[srch] t=822 rule_t=822 ovr=0
[srch] t=840 rule_t=840 ovr=0
[srch] t=856 rule_t=856 ovr=0
[srch] t=866 rule_t=866 ovr=0
[srch] t=1025 rule_t=339 ovr=0
[srch] t=1145 rule_t=1145 ovr=0
[srch] t=1313 rule_t=1313 ovr=0
[srch] t=1415 rule_t=1415 ovr=0
[srch] t=1496 rule_t=748 ovr=0
[srch] t=1410 rule_t=470 ovr=0
[srch] t=1235 rule_t=409 ovr=0
[srch] t=1375 rule_t=453 ovr=0
[srch] t=5456 rule_t=2728 ovr=0
[pub_prvsiyan_tusk1208_v24                 ] W3/D0/L1/E0 (tusk_crustle_lo_mirror)
[srch] t=968 rule_t=484 ovr=0
[srch] t=911 rule_t=911 ovr=0
[srch] t=890 rule_t=890 ovr=0
[srch] t=148 rule_t=45 ovr=0
[srch] t=164 rule_t=164 ovr=0
[srch] t=164 rule_t=82 ovr=1
[srch] t=146 rule_t=64 ovr=0
[srch] t=184 rule_t=89 ovr=0
[srch] t=224 rule_t=112 ovr=0
[srch] t=244 rule_t=122 ovr=0
[srch] t=241 rule_t=241 ovr=0
[srch] t=466 rule_t=230 ovr=0
[srch] t=676 rule_t=338 ovr=0
[srch] t=916 rule_t=916 ovr=0
[srch] t=1372 rule_t=1372 ovr=0
[srch] t=2266 rule_t=2266 ovr=0
[srch] t=3786 rule_t=1893 ovr=0
[srch] t=18015 rule_t=18015 ovr=0
[srch] t=39148 rule_t=39148 ovr=0
[srch] t=1061 rule_t=1061 ovr=0
[srch] t=976 rule_t=976 ovr=0
[srch] t=958 rule_t=479 ovr=0
[srch] t=222 rule_t=108 ovr=0
[srch] t=262 rule_t=131 ovr=0
[srch] t=290 rule_t=290 ovr=0
[srch] t=345 rule_t=113 ovr=0
[srch] t=393 rule_t=131 ovr=0
[srch] t=343 rule_t=343 ovr=0
[srch] t=672 rule_t=333 ovr=0
[srch] t=584 rule_t=289 ovr=0
[srch] t=710 rule_t=352 ovr=0
[srch] t=7356 rule_t=3675 ovr=0
[srch] t=11780 rule_t=5887 ovr=0
[srch] t=1076 rule_t=532 ovr=0
[srch] t=980 rule_t=490 ovr=0
[srch] t=970 rule_t=970 ovr=0
[srch] t=927 rule_t=305 ovr=1
[srch] t=952 rule_t=952 ovr=0
[srch] t=1104 rule_t=1104 ovr=0
[srch] t=606 rule_t=606 ovr=0
[srch] t=250 rule_t=250 ovr=0
[srch] t=255 rule_t=255 ovr=0
[srch] t=290 rule_t=290 ovr=0
[srch] t=384 rule_t=122 ovr=0
[srch] t=330 rule_t=330 ovr=0
[srch] t=384 rule_t=384 ovr=0
[srch] t=588 rule_t=192 ovr=1
[srch] t=964 rule_t=482 ovr=0
[srch] t=1036 rule_t=1036 ovr=0
[srch] t=1004 rule_t=1004 ovr=0
[srch] t=1797 rule_t=1797 ovr=0
[srch] t=1936 rule_t=1936 ovr=0
[srch] t=5067 rule_t=1687 ovr=0
[srch] t=4941 rule_t=4941 ovr=0
[srch] t=21442 rule_t=10721 ovr=0
[srch] t=1043 rule_t=1043 ovr=0
[srch] t=1002 rule_t=1002 ovr=0
[srch] t=914 rule_t=914 ovr=0
[srch] t=256 rule_t=125 ovr=0
[srch] t=218 rule_t=109 ovr=0
[srch] t=394 rule_t=197 ovr=0
[srch] t=398 rule_t=398 ovr=0
[srch] t=458 rule_t=211 ovr=0
[srch] t=450 rule_t=144 ovr=0
[srch] t=486 rule_t=231 ovr=0
[srch] t=498 rule_t=240 ovr=0
[srch] t=652 rule_t=323 ovr=0
[srch] t=784 rule_t=392 ovr=0
[srch] t=1078 rule_t=539 ovr=0
[srch] t=2052 rule_t=1026 ovr=0
[pub_aristophanivan_improved_prob          ] W4/D0/L0/E0 (probabilistic_expectimax)
[srch] t=1025 rule_t=1025 ovr=0
[srch] t=1008 rule_t=496 ovr=1
[srch] t=973 rule_t=973 ovr=0
[srch] t=910 rule_t=298 ovr=1
[srch] t=907 rule_t=907 ovr=0
[srch] t=846 rule_t=419 ovr=0
[srch] t=846 rule_t=846 ovr=0
[srch] t=843 rule_t=843 ovr=0
[srch] t=798 rule_t=798 ovr=0
[srch] t=850 rule_t=850 ovr=0
[srch] t=399 rule_t=399 ovr=0
[srch] t=487 rule_t=487 ovr=0
[srch] t=504 rule_t=504 ovr=0
[srch] t=1707 rule_t=1707 ovr=0
[srch] t=911 rule_t=911 ovr=0
[srch] t=900 rule_t=450 ovr=0
[srch] t=850 rule_t=850 ovr=0
[srch] t=1008 rule_t=1008 ovr=0
[srch] t=1056 rule_t=1056 ovr=0
[srch] t=1038 rule_t=511 ovr=0
[srch] t=938 rule_t=938 ovr=0
[srch] t=894 rule_t=894 ovr=0
[srch] t=904 rule_t=904 ovr=0
[srch] t=900 rule_t=900 ovr=0
[srch] t=876 rule_t=876 ovr=0
[srch] t=871 rule_t=871 ovr=0
[srch] t=908 rule_t=908 ovr=0
[srch] t=930 rule_t=930 ovr=0
[srch] t=953 rule_t=953 ovr=0
[srch] t=970 rule_t=970 ovr=0
[srch] t=920 rule_t=920 ovr=0
[srch] t=1228 rule_t=1228 ovr=0
[srch] t=1350 rule_t=1350 ovr=0
[srch] t=1422 rule_t=711 ovr=0
[srch] t=744 rule_t=372 ovr=0
[srch] t=456 rule_t=228 ovr=0
[srch] t=472 rule_t=152 ovr=0
[srch] t=494 rule_t=235 ovr=0
[srch] t=480 rule_t=232 ovr=0
[srch] t=506 rule_t=166 ovr=0
[srch] t=490 rule_t=241 ovr=0
[srch] t=434 rule_t=209 ovr=0
[srch] t=582 rule_t=291 ovr=0
[srch] t=528 rule_t=528 ovr=0
[srch] t=511 rule_t=511 ovr=0
[srch] t=576 rule_t=576 ovr=0
[srch] t=574 rule_t=574 ovr=0
[srch] t=639 rule_t=639 ovr=0
[srch] t=616 rule_t=616 ovr=0
[srch] t=619 rule_t=619 ovr=0
[srch] t=621 rule_t=621 ovr=0
[srch] t=538 rule_t=538 ovr=0
[srch] t=26966 rule_t=26966 ovr=0
[srch] t=977 rule_t=977 ovr=0
[srch] t=936 rule_t=312 ovr=0
[srch] t=832 rule_t=416 ovr=0
[srch] t=817 rule_t=817 ovr=0
[srch] t=804 rule_t=804 ovr=0
[srch] t=829 rule_t=271 ovr=0
[srch] t=841 rule_t=841 ovr=0
[srch] t=811 rule_t=265 ovr=0
[srch] t=808 rule_t=808 ovr=0
[srch] t=803 rule_t=803 ovr=0
[srch] t=782 rule_t=782 ovr=0
[srch] t=796 rule_t=796 ovr=0
[srch] t=1769 rule_t=1769 ovr=0
[pub_jazivxt_archaludon_metal_gpu          ] W4/D0/L0/E0 (archaludon_metal_gpu)
[srch] t=814 rule_t=814 ovr=0
[srch] t=825 rule_t=825 ovr=0
[srch] t=1002 rule_t=1002 ovr=0
[srch] t=1011 rule_t=1011 ovr=0
[srch] t=1157 rule_t=1157 ovr=0
[srch] t=1168 rule_t=580 ovr=0
[srch] t=1182 rule_t=1182 ovr=0
[srch] t=632 rule_t=632 ovr=0
[srch] t=627 rule_t=627 ovr=0
[srch] t=880 rule_t=440 ovr=0
[srch] t=893 rule_t=893 ovr=0
[srch] t=1008 rule_t=1008 ovr=0
[srch] t=1044 rule_t=1044 ovr=0
[srch] t=1120 rule_t=1120 ovr=0
[srch] t=1232 rule_t=1232 ovr=0
[srch] t=1132 rule_t=1132 ovr=0
[srch] t=1230 rule_t=410 ovr=0
[srch] t=1288 rule_t=1288 ovr=0
[srch] t=1422 rule_t=1422 ovr=0
[srch] t=1490 rule_t=1490 ovr=0
[srch] t=3817 rule_t=3817 ovr=0
[srch] t=36576 rule_t=36576 ovr=0
[srch] t=1028 rule_t=1028 ovr=0
[srch] t=993 rule_t=993 ovr=0
[srch] t=992 rule_t=992 ovr=0
[srch] t=987 rule_t=987 ovr=0
[srch] t=1003 rule_t=1003 ovr=0
[srch] t=944 rule_t=944 ovr=0
[srch] t=911 rule_t=301 ovr=0
[srch] t=910 rule_t=455 ovr=0
[srch] t=935 rule_t=309 ovr=0
[srch] t=960 rule_t=960 ovr=0
[srch] t=960 rule_t=464 ovr=0
[srch] t=926 rule_t=926 ovr=0
[srch] t=1030 rule_t=507 ovr=0
[srch] t=1281 rule_t=1281 ovr=0
[srch] t=1320 rule_t=1320 ovr=0
[srch] t=1278 rule_t=1278 ovr=0
[srch] t=1839 rule_t=1839 ovr=0
[srch] t=5935 rule_t=5935 ovr=0
[srch] t=1087 rule_t=1087 ovr=0
[srch] t=996 rule_t=494 ovr=0
[srch] t=994 rule_t=994 ovr=0
[srch] t=984 rule_t=328 ovr=0
[srch] t=931 rule_t=931 ovr=0
[srch] t=929 rule_t=307 ovr=0
[srch] t=922 rule_t=461 ovr=0
[srch] t=918 rule_t=455 ovr=0
[srch] t=914 rule_t=914 ovr=0
[srch] t=962 rule_t=481 ovr=0
[srch] t=1114 rule_t=557 ovr=0
[srch] t=1108 rule_t=554 ovr=0
[srch] t=105 rule_t=48 ovr=0
[srch] t=110 rule_t=47 ovr=1
[srch] t=127 rule_t=60 ovr=0
[srch] t=2692 rule_t=1346 ovr=0
[srch] t=976 rule_t=976 ovr=0
[srch] t=972 rule_t=486 ovr=0
[srch] t=975 rule_t=975 ovr=0
[srch] t=972 rule_t=482 ovr=0
[srch] t=964 rule_t=964 ovr=0
[srch] t=972 rule_t=486 ovr=0
[srch] t=961 rule_t=961 ovr=0
[srch] t=951 rule_t=951 ovr=0
[srch] t=885 rule_t=885 ovr=0
[srch] t=881 rule_t=881 ovr=0
[srch] t=856 rule_t=856 ovr=0
[srch] t=828 rule_t=410 ovr=0
[srch] t=854 rule_t=854 ovr=0
[pub_jazivxt_rising_tide                   ] W2/D0/L2/E0 (fixed_metal_v15)
[srch] t=956 rule_t=478 ovr=0
[srch] t=1083 rule_t=1083 ovr=0
[srch] t=262 rule_t=82 ovr=0
[srch] t=306 rule_t=153 ovr=0
[srch] t=336 rule_t=336 ovr=0
[srch] t=291 rule_t=291 ovr=0
[srch] t=320 rule_t=96 ovr=1
[srch] t=365 rule_t=365 ovr=0
[srch] t=790 rule_t=395 ovr=0
[srch] t=680 rule_t=340 ovr=0
[srch] t=698 rule_t=698 ovr=0
[srch] t=723 rule_t=723 ovr=0
[srch] t=828 rule_t=268 ovr=0
[srch] t=1340 rule_t=670 ovr=0
[srch] t=3786 rule_t=1889 ovr=0
[srch] t=7096 rule_t=3544 ovr=0
[srch] t=9702 rule_t=4851 ovr=0
[srch] t=1014 rule_t=1014 ovr=0
[srch] t=944 rule_t=944 ovr=0
[srch] t=935 rule_t=935 ovr=0
[srch] t=1327 rule_t=1327 ovr=0
[srch] t=1766 rule_t=879 ovr=0
[srch] t=1841 rule_t=1841 ovr=0
[srch] t=1972 rule_t=982 ovr=0
[srch] t=6577 rule_t=3288 ovr=0
[srch] t=10099 rule_t=10099 ovr=0
[srch] t=17206 rule_t=8603 ovr=0
[srch] t=38162 rule_t=38162 ovr=0
[srch] t=1068 rule_t=356 ovr=0
[srch] t=1120 rule_t=560 ovr=0
[srch] t=890 rule_t=445 ovr=0
[srch] t=1071 rule_t=1071 ovr=0
[srch] t=837 rule_t=837 ovr=0
[srch] t=746 rule_t=746 ovr=0
[srch] t=384 rule_t=128 ovr=0
[srch] t=474 rule_t=237 ovr=0
[srch] t=775 rule_t=775 ovr=0
[srch] t=630 rule_t=630 ovr=0
[srch] t=694 rule_t=694 ovr=0
[srch] t=1050 rule_t=1050 ovr=0
[srch] t=2772 rule_t=2772 ovr=0
[srch] t=4750 rule_t=4750 ovr=0
[srch] t=13289 rule_t=13289 ovr=0
[srch] t=1029 rule_t=1029 ovr=0
[srch] t=944 rule_t=944 ovr=0
[srch] t=904 rule_t=904 ovr=0
[srch] t=972 rule_t=486 ovr=0
[srch] t=964 rule_t=964 ovr=0
[srch] t=245 rule_t=76 ovr=0
[srch] t=330 rule_t=161 ovr=0
[srch] t=354 rule_t=177 ovr=0
[srch] t=400 rule_t=400 ovr=0
[srch] t=820 rule_t=820 ovr=0
[srch] t=836 rule_t=276 ovr=0
[srch] t=920 rule_t=452 ovr=0
[srch] t=902 rule_t=298 ovr=0
[srch] t=906 rule_t=441 ovr=0
[srch] t=872 rule_t=432 ovr=0
[srch] t=1468 rule_t=734 ovr=0
[srch] t=1231 rule_t=405 ovr=0
[srch] t=1802 rule_t=901 ovr=0
[srch] t=1947 rule_t=1947 ovr=0
[srch] t=1740 rule_t=866 ovr=0
[srch] t=11958 rule_t=11958 ovr=0
[pub_tientrum_search_alakazam              ] W3/D0/L1/E0 (search_augmented_alakazam)
[srch] t=892 rule_t=892 ovr=0
[srch] t=1017 rule_t=1017 ovr=0
[srch] t=919 rule_t=919 ovr=0
[srch] t=1105 rule_t=1105 ovr=0
[srch] t=1210 rule_t=593 ovr=0
[srch] t=1170 rule_t=1170 ovr=0
[srch] t=1023 rule_t=1023 ovr=0
[srch] t=996 rule_t=996 ovr=0
[sweep_yukichacha_venusaur_v1              ] W0/D4/L0/E0 (Bulbasaur)
[sweep_dashimaki360_crustle_counter        ] W0/D0/L4/E0 (crustle_counter)
[srch] t=1056 rule_t=528 ovr=0
[srch] t=912 rule_t=912 ovr=0
[srch] t=551 rule_t=551 ovr=0
[srch] t=310 rule_t=310 ovr=0
[srch] t=308 rule_t=150 ovr=0
[srch] t=321 rule_t=157 ovr=0
[srch] t=416 rule_t=208 ovr=0
[srch] t=444 rule_t=214 ovr=0
[srch] t=644 rule_t=310 ovr=0
[srch] t=830 rule_t=415 ovr=0
[srch] t=916 rule_t=458 ovr=0
[srch] t=1082 rule_t=1082 ovr=0
[srch] t=984 rule_t=488 ovr=0
[srch] t=1013 rule_t=1013 ovr=0
[srch] t=885 rule_t=885 ovr=0
[srch] t=972 rule_t=972 ovr=0
[srch] t=1262 rule_t=1262 ovr=0
[srch] t=456 rule_t=152 ovr=1
[srch] t=536 rule_t=536 ovr=0
[srch] t=667 rule_t=667 ovr=0
[srch] t=549 rule_t=549 ovr=0
[srch] t=671 rule_t=671 ovr=0
[srch] t=848 rule_t=424 ovr=0
[srch] t=1462 rule_t=727 ovr=0
[srch] t=1416 rule_t=708 ovr=0
[srch] t=2648 rule_t=2648 ovr=0
[srch] t=7026 rule_t=7026 ovr=0
[srch] t=1073 rule_t=1073 ovr=0
[srch] t=1094 rule_t=539 ovr=0
[srch] t=1090 rule_t=545 ovr=0
[srch] t=929 rule_t=929 ovr=0
[srch] t=922 rule_t=461 ovr=0
[srch] t=943 rule_t=943 ovr=0
[srch] t=470 rule_t=227 ovr=0
[srch] t=862 rule_t=427 ovr=0
[srch] t=1961 rule_t=1961 ovr=0
[srch] t=1808 rule_t=904 ovr=0
[srch] t=10087 rule_t=10087 ovr=0
[srch] t=18026 rule_t=9009 ovr=0
[srch] t=1080 rule_t=1080 ovr=0
[srch] t=1050 rule_t=1050 ovr=0
[srch] t=1168 rule_t=584 ovr=0
[srch] t=1136 rule_t=1136 ovr=0
[srch] t=313 rule_t=99 ovr=1
[srch] t=328 rule_t=152 ovr=0
[srch] t=349 rule_t=349 ovr=0
[srch] t=538 rule_t=269 ovr=1
[srch] t=386 rule_t=181 ovr=0
[srch] t=456 rule_t=224 ovr=0
[srch] t=418 rule_t=201 ovr=0
[srch] t=424 rule_t=212 ovr=0
[srch] t=524 rule_t=262 ovr=0
[srch] t=308 rule_t=92 ovr=0
[srch] t=336 rule_t=152 ovr=1
[srch] t=533 rule_t=167 ovr=0
[srch] t=824 rule_t=272 ovr=0
[srch] t=996 rule_t=494 ovr=0
[srch] t=369 rule_t=115 ovr=0
[srch] t=463 rule_t=149 ovr=0
[srch] t=590 rule_t=194 ovr=0
[srch] t=839 rule_t=412 ovr=0
[srch] t=1468 rule_t=730 ovr=0
[srch] t=2138 rule_t=1069 ovr=0
[srch] t=2702 rule_t=1351 ovr=0
[srch] t=3572 rule_t=3572 ovr=0
[pub_prvsiyan_alakazam_v21                 ] W1/D0/L3/E0 (alakazam_ladder_v21)
[srch] t=1021 rule_t=1021 ovr=0
[srch] t=942 rule_t=942 ovr=0
[srch] t=1020 rule_t=510 ovr=0
[srch] t=1068 rule_t=1068 ovr=0
[srch] t=1162 rule_t=577 ovr=0
[srch] t=1335 rule_t=1335 ovr=0
[srch] t=477 rule_t=151 ovr=0
[srch] t=515 rule_t=169 ovr=0
[srch] t=576 rule_t=576 ovr=0
[srch] t=594 rule_t=594 ovr=0
[srch] t=444 rule_t=222 ovr=0
[srch] t=508 rule_t=254 ovr=0
[srch] t=962 rule_t=962 ovr=0
[srch] t=780 rule_t=390 ovr=0
[srch] t=1206 rule_t=1206 ovr=0
[srch] t=695 rule_t=695 ovr=0
[srch] t=995 rule_t=995 ovr=0
[srch] t=1219 rule_t=1219 ovr=0
[srch] t=1138 rule_t=561 ovr=0
[srch] t=2372 rule_t=2372 ovr=0
[srch] t=5773 rule_t=5773 ovr=0
[srch] t=1083 rule_t=1083 ovr=0
[srch] t=972 rule_t=482 ovr=0
[srch] t=970 rule_t=970 ovr=0
[srch] t=1238 rule_t=1238 ovr=0
[srch] t=437 rule_t=143 ovr=0
[srch] t=536 rule_t=268 ovr=0
[srch] t=543 rule_t=543 ovr=0
[srch] t=528 rule_t=264 ovr=0
[srch] t=1076 rule_t=526 ovr=0
[srch] t=1132 rule_t=558 ovr=0
[srch] t=2104 rule_t=1052 ovr=0
[srch] t=1554 rule_t=777 ovr=0
[srch] t=1052 rule_t=526 ovr=0
[srch] t=1085 rule_t=1085 ovr=0
[srch] t=338 rule_t=165 ovr=0
[srch] t=317 rule_t=317 ovr=0
[srch] t=340 rule_t=170 ovr=0
[srch] t=402 rule_t=193 ovr=0
[srch] t=390 rule_t=191 ovr=0
[srch] t=476 rule_t=238 ovr=0
[srch] t=458 rule_t=150 ovr=0
[srch] t=480 rule_t=232 ovr=0
[srch] t=572 rule_t=286 ovr=0
[srch] t=637 rule_t=637 ovr=0
[srch] t=676 rule_t=676 ovr=0
[srch] t=768 rule_t=380 ovr=0
[srch] t=956 rule_t=478 ovr=0
[srch] t=1328 rule_t=1328 ovr=0
[srch] t=1378 rule_t=1378 ovr=0
[srch] t=1612 rule_t=802 ovr=0
[srch] t=1745 rule_t=1745 ovr=0
[srch] t=1791 rule_t=1791 ovr=0
[srch] t=2205 rule_t=2205 ovr=0
[srch] t=1298 rule_t=641 ovr=0
[srch] t=2771 rule_t=2771 ovr=0
[srch] t=1718 rule_t=570 ovr=0
[srch] t=3416 rule_t=3416 ovr=0
[srch] t=6156 rule_t=6156 ovr=0
[srch] t=5790 rule_t=5790 ovr=0
[srch] t=35718 rule_t=35718 ovr=0
[srch] t=1206 rule_t=402 ovr=0
[pub_sue124_alakazam                       ] W2/D0/L2/E0 (alakazam_fast_setup)
[srch] t=1217 rule_t=1217 ovr=0
[srch] t=1167 rule_t=389 ovr=0
[srch] t=1201 rule_t=1201 ovr=0
[srch] t=1137 rule_t=377 ovr=0
[srch] t=1171 rule_t=1171 ovr=0
[srch] t=1124 rule_t=1124 ovr=0
[srch] t=1130 rule_t=562 ovr=0
[srch] t=1260 rule_t=630 ovr=0
[srch] t=2038 rule_t=2038 ovr=0
[srch] t=5670 rule_t=5670 ovr=0
[srch] t=1072 rule_t=1072 ovr=0
[srch] t=1023 rule_t=335 ovr=1
[srch] t=1004 rule_t=1004 ovr=0
[srch] t=933 rule_t=301 ovr=0
[srch] t=938 rule_t=938 ovr=0
[srch] t=949 rule_t=949 ovr=0
[srch] t=1111 rule_t=1111 ovr=0
[srch] t=306 rule_t=147 ovr=0
[srch] t=386 rule_t=386 ovr=0
[srch] t=440 rule_t=217 ovr=0
[srch] t=554 rule_t=277 ovr=0
[srch] t=1040 rule_t=520 ovr=0
[srch] t=2050 rule_t=2050 ovr=0
[srch] t=4735 rule_t=4735 ovr=0
[srch] t=2241 rule_t=745 ovr=1
[srch] t=12734 rule_t=12734 ovr=0
[srch] t=1042 rule_t=518 ovr=0
[srch] t=939 rule_t=939 ovr=0
[srch] t=1120 rule_t=560 ovr=0
[srch] t=1136 rule_t=1136 ovr=0
[srch] t=232 rule_t=116 ovr=0
[srch] t=246 rule_t=123 ovr=0
[srch] t=238 rule_t=119 ovr=0
[srch] t=328 rule_t=328 ovr=0
[srch] t=503 rule_t=503 ovr=0
[srch] t=1022 rule_t=1022 ovr=0
[srch] t=933 rule_t=305 ovr=0
[srch] t=933 rule_t=311 ovr=0
[srch] t=310 rule_t=155 ovr=0
[srch] t=417 rule_t=417 ovr=0
[srch] t=427 rule_t=427 ovr=0
[srch] t=580 rule_t=580 ovr=0
[srch] t=625 rule_t=625 ovr=0
[srch] t=1492 rule_t=740 ovr=0
[srch] t=1126 rule_t=557 ovr=0
[srch] t=1016 rule_t=1016 ovr=0
[srch] t=1063 rule_t=1063 ovr=0
[srch] t=1143 rule_t=379 ovr=0
[srch] t=1332 rule_t=666 ovr=0
[srch] t=1660 rule_t=1660 ovr=0
[srch] t=2056 rule_t=1025 ovr=0
[srch] t=3238 rule_t=1619 ovr=0
[srch] t=3924 rule_t=3924 ovr=0
[srch] t=9269 rule_t=9269 ovr=0
[srch] t=35495 rule_t=35495 ovr=0
[kokinnwakashuu_diary_day4                 ] W2/D0/L2/E0 (mega_lucario_hariyama)

===== PROXY LEAGUE SUMMARY =====
  W0/D0/L4/E0  pub_pixiux_tank [crustle_tank_solo]
  W0/D0/L4/E0  sweep_dashimaki360_crustle_counter [crustle_counter]
  W1/D0/L3/E0  pub_kiyotah_iono [Iono’s Voltorb]
  W1/D0/L3/E0  pub_prvsiyan_alakazam_v21 [alakazam_ladder_v21]
  W2/D0/L2/E0  kokinnwakashuu_diary_day4 [mega_lucario_hariyama]
  W2/D0/L2/E0  pub_jazivxt_rising_tide [fixed_metal_v15]
  W2/D0/L2/E0  pub_map1e_tank [crustle_tank_q]
  W2/D0/L2/E0  pub_skarin_dragapult [Dreepy]
  W2/D0/L2/E0  pub_sue124_alakazam [alakazam_fast_setup]
  W2/D0/L2/E0  public_makthanithin_1084 [baseline]
  W0/D4/L0/E0  sweep_yukichacha_venusaur_v1 [Bulbasaur]
  W3/D0/L1/E0  pub_prvsiyan_grimmsnarl_bc [grimmsnarl_darkness_froslass]
  W3/D0/L1/E0  pub_prvsiyan_tusk1208_v24 [tusk_crustle_lo_mirror]
  W3/D0/L1/E0  pub_tientrum_search_alakazam [search_augmented_alakazam]
  W3/D0/L1/E0  public_ryotasueyoshi_best5 [alakazam_control]
  W4/D0/L0/E0  pub_aristophanivan_improved_prob [probabilistic_expectimax]
  W4/D0/L0/E0  pub_emanuellcs_deckaware [Dreepy]
  W4/D0/L0/E0  pub_jazivxt_archaludon_metal_gpu [archaludon_metal_gpu]
TOTAL: W38/D4/L30/E0; completed=72/72; WDL=55.6%
out=/private/tmp/ab16j/full/cap10_g1.json
meta=/private/tmp/ab16j/full/cap10_g1.json.meta.json
