[srch] t=1010 rule_t=1010 ovr=0
[srch] t=844 rule_t=414 ovr=0
[srch] t=826 rule_t=826 ovr=0
[srch] t=823 rule_t=823 ovr=0
[srch] t=815 rule_t=815 ovr=0
[srch] t=830 rule_t=830 ovr=0
[srch] t=877 rule_t=877 ovr=0
[srch] t=878 rule_t=878 ovr=0
[srch] t=887 rule_t=887 ovr=0
[srch] t=822 rule_t=822 ovr=0
[srch] t=833 rule_t=833 ovr=0
[srch] t=815 rule_t=815 ovr=0
[srch] t=837 rule_t=837 ovr=0
[srch] t=1000 rule_t=1000 ovr=0
[srch] t=1070 rule_t=535 ovr=0
[srch] t=1044 rule_t=518 ovr=0
[srch] t=938 rule_t=465 ovr=0
[srch] t=1128 rule_t=1128 ovr=0
[srch] t=1579 rule_t=1579 ovr=0
[srch] t=905 rule_t=905 ovr=0
[srch] t=914 rule_t=302 ovr=0
[srch] t=955 rule_t=955 ovr=0
[srch] t=1009 rule_t=1009 ovr=0
[srch] t=714 rule_t=353 ovr=0
[srch] t=726 rule_t=359 ovr=0
[srch] t=1350 rule_t=675 ovr=0
[srch] t=910 rule_t=455 ovr=0
[srch] t=884 rule_t=442 ovr=0
[srch] t=912 rule_t=456 ovr=0
[srch] t=904 rule_t=452 ovr=0
[srch] t=940 rule_t=470 ovr=0
[srch] t=1100 rule_t=550 ovr=0
[srch] t=1148 rule_t=574 ovr=0
[srch] t=1222 rule_t=603 ovr=0
[srch] t=1256 rule_t=628 ovr=0
[srch] t=700 rule_t=228 ovr=0
[srch] t=796 rule_t=394 ovr=0
[srch] t=952 rule_t=476 ovr=0
[srch] t=9150 rule_t=4571 ovr=0
[public_naoto714_archeops_draw_v1          ] W4/D0/L0/E0 (archeops_devolve_fighting)
[srch] t=1185 rule_t=1185 ovr=0
[srch] t=1131 rule_t=1131 ovr=0
[srch] t=1151 rule_t=1151 ovr=0
[srch] t=1338 rule_t=1338 ovr=0
[srch] t=277 rule_t=277 ovr=0
[srch] t=225 rule_t=225 ovr=0
[srch] t=226 rule_t=98 ovr=0
[srch] t=214 rule_t=107 ovr=0
[srch] t=245 rule_t=245 ovr=0
[srch] t=254 rule_t=254 ovr=0
[srch] t=394 rule_t=191 ovr=0
[srch] t=374 rule_t=187 ovr=0
[srch] t=382 rule_t=191 ovr=0
[srch] t=429 rule_t=429 ovr=0
[srch] t=486 rule_t=240 ovr=0
[srch] t=610 rule_t=305 ovr=0
[srch] t=639 rule_t=639 ovr=0
[srch] t=926 rule_t=926 ovr=0
[srch] t=971 rule_t=971 ovr=0
[srch] t=1687 rule_t=1687 ovr=0
[srch] t=1858 rule_t=1858 ovr=0
[srch] t=2535 rule_t=841 ovr=0
[srch] t=2719 rule_t=2719 ovr=0
[srch] t=3195 rule_t=1061 ovr=0
[srch] t=3339 rule_t=3339 ovr=0
[srch] t=4301 rule_t=4301 ovr=0
[srch] t=30402 rule_t=30402 ovr=0
[srch] t=909 rule_t=301 ovr=0
[srch] t=906 rule_t=906 ovr=0
[srch] t=182 rule_t=88 ovr=0
[srch] t=178 rule_t=83 ovr=0
[srch] t=192 rule_t=64 ovr=0
[srch] t=222 rule_t=111 ovr=0
[srch] t=215 rule_t=215 ovr=0
[srch] t=228 rule_t=228 ovr=0
[srch] t=358 rule_t=179 ovr=0
[srch] t=399 rule_t=399 ovr=0
[srch] t=391 rule_t=391 ovr=0
[srch] t=525 rule_t=167 ovr=0
[srch] t=644 rule_t=322 ovr=0
[srch] t=796 rule_t=395 ovr=0
[srch] t=1019 rule_t=1019 ovr=0
[srch] t=2510 rule_t=1255 ovr=0
[srch] t=6040 rule_t=6040 ovr=0
[srch] t=11433 rule_t=11433 ovr=0
[srch] t=34491 rule_t=34491 ovr=0
[srch] t=1024 rule_t=1024 ovr=0
[srch] t=1002 rule_t=334 ovr=0
[srch] t=1000 rule_t=1000 ovr=0
[srch] t=1090 rule_t=1090 ovr=0
[srch] t=192 rule_t=96 ovr=0
[srch] t=219 rule_t=219 ovr=0
[srch] t=344 rule_t=344 ovr=0
[srch] t=584 rule_t=289 ovr=0
[srch] t=723 rule_t=239 ovr=1
[srch] t=2130 rule_t=1065 ovr=0
[srch] t=1734 rule_t=867 ovr=0
[srch] t=14017 rule_t=14017 ovr=0
[srch] t=1021 rule_t=1021 ovr=0
[srch] t=938 rule_t=469 ovr=0
[srch] t=884 rule_t=884 ovr=0
[srch] t=866 rule_t=866 ovr=0
[srch] t=1100 rule_t=1100 ovr=0
[srch] t=1000 rule_t=1000 ovr=0
[srch] t=1067 rule_t=1067 ovr=0
[srch] t=1257 rule_t=413 ovr=0
[srch] t=1426 rule_t=1426 ovr=0
[srch] t=1306 rule_t=1306 ovr=0
[srch] t=2070 rule_t=1035 ovr=0
[srch] t=35042 rule_t=35042 ovr=0
[pub_borealis27_elo1150                    ] W4/D0/L0/E0 (Mega Lucario ex)
[srch] t=1066 rule_t=1066 ovr=0
[srch] t=986 rule_t=484 ovr=0
[srch] t=1129 rule_t=1129 ovr=0
[srch] t=684 rule_t=339 ovr=0
[srch] t=1371 rule_t=457 ovr=0
[srch] t=1482 rule_t=494 ovr=0
[srch] t=1068 rule_t=1068 ovr=0
[srch] t=978 rule_t=489 ovr=0
[srch] t=406 rule_t=197 ovr=0
[srch] t=370 rule_t=182 ovr=0
[srch] t=654 rule_t=327 ovr=0
[srch] t=810 rule_t=266 ovr=0
[srch] t=736 rule_t=362 ovr=0
[srch] t=1030 rule_t=1030 ovr=0
[srch] t=1141 rule_t=1141 ovr=0
[srch] t=1055 rule_t=1055 ovr=0
[srch] t=1884 rule_t=942 ovr=0
[srch] t=2784 rule_t=1380 ovr=0
[srch] t=3231 rule_t=1075 ovr=0
[srch] t=5314 rule_t=5314 ovr=0
[srch] t=3408 rule_t=1130 ovr=0
[srch] t=6804 rule_t=3402 ovr=0
[srch] t=10906 rule_t=5453 ovr=0
[srch] t=16156 rule_t=16156 ovr=0
[srch] t=34566 rule_t=34566 ovr=0
[srch] t=1124 rule_t=1124 ovr=0
[srch] t=1074 rule_t=537 ovr=0
[srch] t=1054 rule_t=527 ovr=0
[srch] t=1072 rule_t=527 ovr=0
[srch] t=1066 rule_t=1066 ovr=0
[srch] t=1069 rule_t=1069 ovr=0
[srch] t=1004 rule_t=502 ovr=0
[srch] t=1342 rule_t=1342 ovr=0
[srch] t=1304 rule_t=646 ovr=0
[srch] t=1369 rule_t=1369 ovr=0
[srch] t=1422 rule_t=1422 ovr=0
[srch] t=1737 rule_t=1737 ovr=0
[srch] t=2327 rule_t=2327 ovr=0
[srch] t=989 rule_t=989 ovr=0
[srch] t=988 rule_t=491 ovr=0
[srch] t=1072 rule_t=1072 ovr=0
[srch] t=1142 rule_t=571 ovr=0
[srch] t=186 rule_t=87 ovr=0
[srch] t=184 rule_t=92 ovr=0
[srch] t=150 rule_t=48 ovr=0
[srch] t=158 rule_t=73 ovr=0
[srch] t=172 rule_t=55 ovr=0
[srch] t=189 rule_t=63 ovr=0
[srch] t=190 rule_t=95 ovr=0
[srch] t=198 rule_t=198 ovr=0
[srch] t=203 rule_t=62 ovr=0
[srch] t=219 rule_t=69 ovr=0
[srch] t=224 rule_t=109 ovr=0
[srch] t=416 rule_t=205 ovr=0
[srch] t=401 rule_t=401 ovr=0
[srch] t=484 rule_t=236 ovr=0
[srch] t=458 rule_t=458 ovr=0
[srch] t=792 rule_t=393 ovr=0
[srch] t=804 rule_t=402 ovr=0
[srch] t=478 rule_t=478 ovr=0
[srch] t=484 rule_t=484 ovr=0
[srch] t=431 rule_t=431 ovr=0
[srch] t=728 rule_t=364 ovr=0
[srch] t=700 rule_t=350 ovr=0
[srch] t=852 rule_t=426 ovr=0
[srch] t=5706 rule_t=2850 ovr=0
[srch] t=2836 rule_t=1418 ovr=0
[pub_multiply_940                          ] W4/D0/L0/E0 (Riolu)
[srch] t=1512 rule_t=1512 ovr=0
[srch] t=1106 rule_t=1106 ovr=0
[srch] t=1035 rule_t=343 ovr=0
[srch] t=1018 rule_t=1018 ovr=0
[srch] t=944 rule_t=463 ovr=0
[srch] t=944 rule_t=472 ovr=0
[srch] t=896 rule_t=448 ovr=0
[srch] t=870 rule_t=290 ovr=0
[srch] t=321 rule_t=99 ovr=0
[srch] t=360 rule_t=114 ovr=0
[srch] t=489 rule_t=159 ovr=0
[srch] t=834 rule_t=834 ovr=0
[srch] t=884 rule_t=884 ovr=0
[srch] t=1094 rule_t=1094 ovr=0
[srch] t=1171 rule_t=1171 ovr=0
[srch] t=1275 rule_t=1275 ovr=0
[srch] t=1391 rule_t=1391 ovr=0
[srch] t=1496 rule_t=1496 ovr=0
[srch] t=1684 rule_t=1684 ovr=0
[srch] t=1933 rule_t=1933 ovr=0
[srch] t=1893 rule_t=1893 ovr=0
[srch] t=2087 rule_t=2087 ovr=0
[srch] t=2195 rule_t=2195 ovr=0
[srch] t=1128 rule_t=1128 ovr=0
[srch] t=1033 rule_t=1033 ovr=0
[srch] t=962 rule_t=962 ovr=0
[srch] t=254 rule_t=254 ovr=0
[srch] t=264 rule_t=84 ovr=0
[srch] t=285 rule_t=93 ovr=0
[srch] t=336 rule_t=168 ovr=0
[srch] t=408 rule_t=204 ovr=0
[srch] t=426 rule_t=138 ovr=1
[srch] t=454 rule_t=227 ovr=0
[srch] t=531 rule_t=173 ovr=1
[srch] t=825 rule_t=825 ovr=0
[srch] t=1039 rule_t=1039 ovr=0
[srch] t=1752 rule_t=873 ovr=0
[srch] t=20250 rule_t=10125 ovr=0
[srch] t=42554 rule_t=42554 ovr=0
[srch] t=1162 rule_t=1162 ovr=0
[srch] t=1074 rule_t=528 ovr=0
[srch] t=1059 rule_t=1059 ovr=0
[srch] t=1009 rule_t=1009 ovr=0
[srch] t=1051 rule_t=1051 ovr=0
[srch] t=865 rule_t=865 ovr=0
[srch] t=951 rule_t=315 ovr=0
[srch] t=1042 rule_t=1042 ovr=0
[srch] t=1178 rule_t=583 ovr=0
[srch] t=1229 rule_t=1229 ovr=0
[srch] t=1315 rule_t=1315 ovr=0
[srch] t=1405 rule_t=1405 ovr=0
[srch] t=1536 rule_t=1536 ovr=0
[srch] t=1611 rule_t=1611 ovr=0
[srch] t=1723 rule_t=1723 ovr=0
[srch] t=5194 rule_t=5194 ovr=0
[srch] t=6587 rule_t=6587 ovr=0
[pub_aman_crustle                          ] W3/D0/L1/E0 (Riolu)
[pub_souta_elo1208                         ] W2/D0/L2/E0 (crustle_great_tusk_libraryout)
[lp_masat_tank_crustle                     ] W4/D0/L0/E0 (crustle_tank_heal)
[srch] t=2036 rule_t=1018 ovr=0
[srch] t=1790 rule_t=594 ovr=0
[srch] t=2051 rule_t=2051 ovr=0
[srch] t=2090 rule_t=2090 ovr=0
[srch] t=1769 rule_t=1769 ovr=0
[srch] t=1050 rule_t=1050 ovr=0
[srch] t=996 rule_t=332 ovr=1
[srch] t=1046 rule_t=519 ovr=0
[srch] t=1097 rule_t=1097 ovr=0
[srch] t=1206 rule_t=1206 ovr=0
[srch] t=1324 rule_t=436 ovr=0
[srch] t=1367 rule_t=1367 ovr=0
[srch] t=1319 rule_t=1319 ovr=0
[srch] t=1456 rule_t=1456 ovr=0
[srch] t=1788 rule_t=894 ovr=0
[srch] t=2121 rule_t=2121 ovr=0
[srch] t=2230 rule_t=1107 ovr=0
[srch] t=2152 rule_t=2152 ovr=0
[srch] t=219 rule_t=219 ovr=0
[srch] t=264 rule_t=132 ovr=0
[srch] t=1038 rule_t=1038 ovr=0
[srch] t=1148 rule_t=1148 ovr=0
[srch] t=1116 rule_t=1116 ovr=0
[srch] t=344 rule_t=344 ovr=0
[srch] t=443 rule_t=145 ovr=1
[srch] t=460 rule_t=226 ovr=0
[srch] t=494 rule_t=243 ovr=0
[srch] t=642 rule_t=321 ovr=0
[srch] t=637 rule_t=637 ovr=0
[srch] t=717 rule_t=717 ovr=0
[srch] t=715 rule_t=715 ovr=0
[srch] t=1121 rule_t=1121 ovr=0
[srch] t=1648 rule_t=816 ovr=0
[srch] t=1842 rule_t=1842 ovr=0
[srch] t=1970 rule_t=654 ovr=0
[srch] t=2017 rule_t=2017 ovr=0
[srch] t=1494 rule_t=747 ovr=0
[srch] t=1477 rule_t=487 ovr=0
[srch] t=1444 rule_t=1444 ovr=0
[srch] t=1492 rule_t=492 ovr=0
[srch] t=1500 rule_t=1500 ovr=0
[srch] t=1385 rule_t=1385 ovr=0
[srch] t=1374 rule_t=1374 ovr=0
[srch] t=1432 rule_t=1432 ovr=0
[srch] t=1361 rule_t=1361 ovr=0
[srch] t=1812 rule_t=1812 ovr=0
[srch] t=1716 rule_t=1716 ovr=0
[srch] t=2445 rule_t=2445 ovr=0
[srch] t=4385 rule_t=4385 ovr=0
[srch] t=8626 rule_t=4313 ovr=0
[srch] t=16448 rule_t=8224 ovr=0
[srch] t=35198 rule_t=35198 ovr=0
[srch] t=2778 rule_t=1385 ovr=0
[srch] t=3124 rule_t=1562 ovr=0
[srch] t=5828 rule_t=2914 ovr=0
[srch] t=7051 rule_t=2345 ovr=0
[srch] t=16272 rule_t=8128 ovr=0
[srch] t=34912 rule_t=34912 ovr=0
[srch] t=1340 rule_t=670 ovr=0
[srch] t=1354 rule_t=1354 ovr=0
[srch] t=1345 rule_t=1345 ovr=0
[srch] t=1386 rule_t=685 ovr=0
[srch] t=119 rule_t=119 ovr=0
[srch] t=150 rule_t=67 ovr=0
[srch] t=173 rule_t=173 ovr=0
[srch] t=186 rule_t=186 ovr=0
[srch] t=219 rule_t=219 ovr=0
[srch] t=284 rule_t=284 ovr=0
[srch] t=260 rule_t=130 ovr=0
[srch] t=327 rule_t=327 ovr=0
[srch] t=301 rule_t=301 ovr=0
[srch] t=346 rule_t=346 ovr=0
[srch] t=331 rule_t=331 ovr=0
[srch] t=320 rule_t=320 ovr=0
[srch] t=341 rule_t=341 ovr=0
[srch] t=375 rule_t=375 ovr=0
[srch] t=450 rule_t=217 ovr=1
[srch] t=448 rule_t=448 ovr=0
[pub_harukiharada_wall                     ] W3/D0/L1/E0 (crustle_wall_pub)
[pub_naoto714_rocket_kangaskhan            ] W4/D0/L0/E0 (rocket_kangaskhan)
[srch] t=1114 rule_t=545 ovr=0
[srch] t=1108 rule_t=554 ovr=0
[srch] t=1100 rule_t=1100 ovr=0
[srch] t=900 rule_t=900 ovr=0
[srch] t=1087 rule_t=1087 ovr=0
[srch] t=1354 rule_t=1354 ovr=0
[srch] t=383 rule_t=383 ovr=0
[srch] t=344 rule_t=168 ovr=0
[srch] t=430 rule_t=215 ovr=0
[srch] t=452 rule_t=452 ovr=0
[srch] t=828 rule_t=410 ovr=0
[srch] t=912 rule_t=912 ovr=0
[srch] t=1654 rule_t=827 ovr=0
[srch] t=6460 rule_t=6460 ovr=0
[srch] t=1018 rule_t=497 ovr=0
[srch] t=991 rule_t=991 ovr=0
[srch] t=985 rule_t=985 ovr=0
[srch] t=2031 rule_t=2031 ovr=0
[srch] t=1018 rule_t=509 ovr=0
[srch] t=903 rule_t=903 ovr=0
[srch] t=246 rule_t=74 ovr=0
[srch] t=287 rule_t=93 ovr=0
[srch] t=284 rule_t=284 ovr=0
[srch] t=294 rule_t=143 ovr=1
[srch] t=315 rule_t=315 ovr=0
[srch] t=246 rule_t=246 ovr=0
[srch] t=378 rule_t=189 ovr=0
[srch] t=626 rule_t=313 ovr=0
[srch] t=633 rule_t=633 ovr=0
[srch] t=1072 rule_t=536 ovr=0
[srch] t=1341 rule_t=1341 ovr=0
[srch] t=1075 rule_t=1075 ovr=0
[srch] t=953 rule_t=315 ovr=0
[srch] t=990 rule_t=990 ovr=0
[srch] t=1073 rule_t=1073 ovr=0
[srch] t=1496 rule_t=1496 ovr=0
[srch] t=870 rule_t=423 ovr=0
[srch] t=1228 rule_t=1228 ovr=0
[srch] t=1229 rule_t=1229 ovr=0
[srch] t=1204 rule_t=598 ovr=0
[srch] t=2023 rule_t=2023 ovr=0
[srch] t=3728 rule_t=1864 ovr=0
[srch] t=3166 rule_t=1579 ovr=0
[srch] t=38147 rule_t=38147 ovr=0
[pub_mechi22_alakazam_skeleton             ] W2/D0/L2/E0 (alakazam_skeleton)
[pub_dedquoc_rule_engine                   ] W4/D0/L0/E0 (generic_rule_engine)
[srch] t=1009 rule_t=1009 ovr=0
[srch] t=952 rule_t=470 ovr=0
[srch] t=912 rule_t=912 ovr=0
[srch] t=903 rule_t=903 ovr=0
[srch] t=882 rule_t=882 ovr=0
[srch] t=868 rule_t=868 ovr=0
[srch] t=999 rule_t=999 ovr=0
[srch] t=1297 rule_t=1297 ovr=0
[srch] t=1261 rule_t=1261 ovr=0
[srch] t=2538 rule_t=2538 ovr=0
[srch] t=6384 rule_t=6384 ovr=0
[srch] t=1014 rule_t=1014 ovr=0
[srch] t=836 rule_t=406 ovr=0
[srch] t=828 rule_t=411 ovr=0
[srch] t=806 rule_t=403 ovr=0
[srch] t=802 rule_t=401 ovr=0
[srch] t=877 rule_t=877 ovr=0
[srch] t=624 rule_t=309 ovr=0
[srch] t=718 rule_t=353 ovr=0
[srch] t=834 rule_t=278 ovr=0
[srch] t=710 rule_t=349 ovr=0
[srch] t=1893 rule_t=631 ovr=0
[srch] t=3524 rule_t=1759 ovr=0
[srch] t=16422 rule_t=5474 ovr=0
[srch] t=33910 rule_t=33910 ovr=0
[srch] t=834 rule_t=834 ovr=0
[srch] t=800 rule_t=397 ovr=0
[srch] t=811 rule_t=811 ovr=0
[srch] t=326 rule_t=154 ovr=0
[srch] t=354 rule_t=168 ovr=0
[srch] t=312 rule_t=138 ovr=0
[srch] t=323 rule_t=101 ovr=0
[srch] t=318 rule_t=156 ovr=0
[srch] t=592 rule_t=293 ovr=0
[srch] t=640 rule_t=320 ovr=0
[srch] t=783 rule_t=257 ovr=0
[srch] t=1038 rule_t=513 ovr=0
[srch] t=986 rule_t=490 ovr=0
[srch] t=974 rule_t=481 ovr=0
[srch] t=846 rule_t=420 ovr=0
[srch] t=1250 rule_t=625 ovr=0
[srch] t=10298 rule_t=10298 ovr=0
[srch] t=16896 rule_t=8439 ovr=0
[srch] t=1059 rule_t=1059 ovr=0
[srch] t=998 rule_t=499 ovr=0
[srch] t=982 rule_t=982 ovr=0
[srch] t=915 rule_t=915 ovr=0
[srch] t=933 rule_t=933 ovr=0
[srch] t=1204 rule_t=1204 ovr=0
[srch] t=1384 rule_t=689 ovr=0
[srch] t=1668 rule_t=828 ovr=0
[srch] t=1822 rule_t=908 ovr=0
[srch] t=7270 rule_t=3629 ovr=0
[pub_jazivxt_garchomp_gpu                  ] W3/D0/L1/E0 (garchomp_gpu)
[srch] t=996 rule_t=996 ovr=0
[srch] t=1002 rule_t=498 ovr=0
[srch] t=976 rule_t=976 ovr=0
[srch] t=888 rule_t=294 ovr=0
[srch] t=890 rule_t=890 ovr=0
[srch] t=880 rule_t=437 ovr=0
[srch] t=896 rule_t=445 ovr=0
[srch] t=899 rule_t=899 ovr=0
[srch] t=442 rule_t=442 ovr=0
[srch] t=454 rule_t=227 ovr=0
[srch] t=498 rule_t=249 ovr=0
[srch] t=552 rule_t=273 ovr=0
[srch] t=441 rule_t=441 ovr=0
[srch] t=680 rule_t=340 ovr=0
[srch] t=712 rule_t=712 ovr=0
[srch] t=903 rule_t=299 ovr=0
[srch] t=1065 rule_t=355 ovr=0
[srch] t=1340 rule_t=670 ovr=0
[srch] t=1582 rule_t=1582 ovr=0
[srch] t=2376 rule_t=2376 ovr=0
[srch] t=3097 rule_t=3097 ovr=0
[srch] t=4884 rule_t=2442 ovr=0
[srch] t=5930 rule_t=5930 ovr=0
[srch] t=13636 rule_t=6818 ovr=0
[srch] t=1084 rule_t=1084 ovr=0
[srch] t=1036 rule_t=512 ovr=0
[srch] t=1035 rule_t=1035 ovr=0
[srch] t=988 rule_t=494 ovr=0
[srch] t=1088 rule_t=1088 ovr=0
[srch] t=228 rule_t=76 ovr=1
[srch] t=284 rule_t=142 ovr=0
[srch] t=327 rule_t=327 ovr=0
[srch] t=374 rule_t=187 ovr=0
[srch] t=448 rule_t=224 ovr=1
[srch] t=543 rule_t=543 ovr=0
[srch] t=1288 rule_t=641 ovr=1
[srch] t=1267 rule_t=634 ovr=0
[srch] t=1242 rule_t=621 ovr=0
[srch] t=622 rule_t=302 ovr=0
[srch] t=906 rule_t=447 ovr=0
[srch] t=1534 rule_t=767 ovr=0
[srch] t=2302 rule_t=1151 ovr=0
[srch] t=4545 rule_t=4545 ovr=0
[srch] t=12887 rule_t=12887 ovr=0
[srch] t=1086 rule_t=1086 ovr=0
[srch] t=976 rule_t=976 ovr=0
[srch] t=955 rule_t=955 ovr=0
[srch] t=935 rule_t=935 ovr=0
[srch] t=930 rule_t=930 ovr=0
[srch] t=234 rule_t=117 ovr=0
[srch] t=220 rule_t=110 ovr=0
[srch] t=244 rule_t=122 ovr=0
[srch] t=246 rule_t=123 ovr=0
[srch] t=247 rule_t=247 ovr=0
[srch] t=240 rule_t=78 ovr=0
[srch] t=327 rule_t=109 ovr=0
[srch] t=350 rule_t=175 ovr=0
[srch] t=339 rule_t=339 ovr=0
[srch] t=302 rule_t=148 ovr=0
[srch] t=352 rule_t=352 ovr=0
[srch] t=377 rule_t=377 ovr=0
[srch] t=599 rule_t=599 ovr=0
[srch] t=744 rule_t=369 ovr=0
[srch] t=778 rule_t=778 ovr=0
[srch] t=945 rule_t=945 ovr=0
[srch] t=1089 rule_t=1089 ovr=0
[srch] t=1050 rule_t=1050 ovr=0
[srch] t=1070 rule_t=517 ovr=0
[srch] t=1047 rule_t=345 ovr=1
[srch] t=984 rule_t=322 ovr=0
[srch] t=1026 rule_t=1026 ovr=0
[srch] t=1260 rule_t=627 ovr=0
[srch] t=1306 rule_t=1306 ovr=0
[srch] t=267 rule_t=267 ovr=0
[srch] t=215 rule_t=215 ovr=0
[srch] t=246 rule_t=120 ovr=0
[srch] t=306 rule_t=150 ovr=0
[srch] t=301 rule_t=301 ovr=0
[srch] t=332 rule_t=332 ovr=0
[srch] t=417 rule_t=137 ovr=0
[srch] t=438 rule_t=146 ovr=1
[srch] t=538 rule_t=538 ovr=0
[srch] t=544 rule_t=544 ovr=0
[srch] t=522 rule_t=168 ovr=0
[srch] t=630 rule_t=312 ovr=0
[srch] t=708 rule_t=354 ovr=0
[srch] t=610 rule_t=302 ovr=0
[srch] t=676 rule_t=338 ovr=0
[srch] t=740 rule_t=370 ovr=0
[srch] t=856 rule_t=856 ovr=0
[srch] t=890 rule_t=890 ovr=0
[srch] t=942 rule_t=942 ovr=0
[srch] t=1089 rule_t=1089 ovr=0
[srch] t=1131 rule_t=373 ovr=1
[srch] t=1248 rule_t=1248 ovr=0
[srch] t=1600 rule_t=1600 ovr=0
[srch] t=1617 rule_t=1617 ovr=0
[srch] t=1944 rule_t=1944 ovr=0
[srch] t=2499 rule_t=2499 ovr=0
[srch] t=3595 rule_t=3595 ovr=0
[pub_raunakdey07_advanced_heuristic        ] W1/D0/L3/E0 (advanced_heuristic)
[srch] t=1180 rule_t=1180 ovr=0
[srch] t=1128 rule_t=558 ovr=0
[srch] t=1130 rule_t=1130 ovr=0
[srch] t=1070 rule_t=1070 ovr=0
[srch] t=1021 rule_t=1021 ovr=0
[srch] t=1151 rule_t=1151 ovr=0
[srch] t=1307 rule_t=1307 ovr=0
[srch] t=500 rule_t=247 ovr=0
[srch] t=690 rule_t=345 ovr=0
[srch] t=1028 rule_t=511 ovr=0
[srch] t=1682 rule_t=841 ovr=0
[srch] t=3758 rule_t=1879 ovr=0
[srch] t=13894 rule_t=13894 ovr=0
[srch] t=1034 rule_t=1034 ovr=0
[srch] t=999 rule_t=999 ovr=0
[srch] t=884 rule_t=442 ovr=0
[srch] t=882 rule_t=441 ovr=0
[srch] t=910 rule_t=455 ovr=0
[srch] t=918 rule_t=459 ovr=0
[srch] t=1824 rule_t=602 ovr=0
[srch] t=1977 rule_t=655 ovr=0
[srch] t=6734 rule_t=3367 ovr=0
[srch] t=972 rule_t=972 ovr=0
[srch] t=915 rule_t=915 ovr=0
[srch] t=927 rule_t=927 ovr=0
[srch] t=1179 rule_t=1179 ovr=0
[srch] t=276 rule_t=86 ovr=0
[srch] t=268 rule_t=128 ovr=0
[srch] t=278 rule_t=139 ovr=0
[srch] t=261 rule_t=83 ovr=0
[srch] t=287 rule_t=96 ovr=0
[srch] t=372 rule_t=124 ovr=0
[srch] t=380 rule_t=187 ovr=1
[srch] t=398 rule_t=131 ovr=0
[srch] t=486 rule_t=237 ovr=0
[srch] t=546 rule_t=180 ovr=0
[srch] t=528 rule_t=176 ovr=0
[srch] t=609 rule_t=203 ovr=0
[srch] t=728 rule_t=358 ovr=0
[srch] t=626 rule_t=310 ovr=0
[srch] t=704 rule_t=349 ovr=0
[srch] t=867 rule_t=287 ovr=0
[srch] t=888 rule_t=296 ovr=0
[srch] t=1140 rule_t=374 ovr=0
[srch] t=2137 rule_t=2137 ovr=0
[srch] t=2687 rule_t=2687 ovr=0
[srch] t=3790 rule_t=3790 ovr=0
[srch] t=13240 rule_t=13240 ovr=0
[srch] t=31529 rule_t=31529 ovr=0
[sweep_aristophanivan_probability          ] W3/D0/L1/E0 (probabilistic_expectimax)
[sweep_biohack44_crustle_counter           ] W1/D0/L3/E0 (crustle_counter)
[srch] t=1878 rule_t=626 ovr=0
[srch] t=1891 rule_t=1891 ovr=0
[srch] t=1454 rule_t=715 ovr=0
[srch] t=1424 rule_t=704 ovr=0
[srch] t=1494 rule_t=1494 ovr=0
[srch] t=1248 rule_t=612 ovr=0
[srch] t=1460 rule_t=726 ovr=0
[srch] t=1470 rule_t=735 ovr=0
[srch] t=1495 rule_t=1495 ovr=0
[srch] t=1332 rule_t=666 ovr=0
[srch] t=1449 rule_t=1449 ovr=0
[srch] t=1431 rule_t=1431 ovr=0
[srch] t=1837 rule_t=1837 ovr=0
[srch] t=1956 rule_t=1956 ovr=0
[srch] t=2075 rule_t=2075 ovr=0
[srch] t=1944 rule_t=1944 ovr=0
[srch] t=342 rule_t=163 ovr=0
[srch] t=382 rule_t=187 ovr=0
[srch] t=352 rule_t=352 ovr=0
[srch] t=430 rule_t=430 ovr=0
[srch] t=432 rule_t=432 ovr=0
[srch] t=427 rule_t=427 ovr=0
[srch] t=423 rule_t=423 ovr=0
[srch] t=1254 rule_t=623 ovr=0
[srch] t=1840 rule_t=916 ovr=0
[srch] t=4688 rule_t=2344 ovr=0
[srch] t=2094 rule_t=1031 ovr=0
[srch] t=2048 rule_t=1024 ovr=0
[srch] t=2278 rule_t=754 ovr=0
[srch] t=2324 rule_t=1158 ovr=0
[srch] t=2444 rule_t=2444 ovr=0
[srch] t=1466 rule_t=1466 ovr=0
[srch] t=1354 rule_t=669 ovr=0
[srch] t=1340 rule_t=444 ovr=0
[srch] t=1378 rule_t=1378 ovr=0
[srch] t=1366 rule_t=450 ovr=0
[srch] t=1572 rule_t=1572 ovr=0
[srch] t=1750 rule_t=867 ovr=0
[srch] t=1442 rule_t=721 ovr=0
[srch] t=1452 rule_t=1452 ovr=0
[srch] t=1284 rule_t=638 ovr=0
[srch] t=1290 rule_t=1290 ovr=0
[srch] t=1130 rule_t=374 ovr=0
[srch] t=1146 rule_t=1146 ovr=0
[srch] t=315 rule_t=97 ovr=0
[srch] t=312 rule_t=148 ovr=0
[srch] t=373 rule_t=183 ovr=0
[srch] t=364 rule_t=364 ovr=0
[srch] t=362 rule_t=362 ovr=0
[srch] t=378 rule_t=177 ovr=0
[srch] t=482 rule_t=229 ovr=0
[srch] t=480 rule_t=236 ovr=0
[srch] t=432 rule_t=208 ovr=0
[srch] t=464 rule_t=220 ovr=0
[srch] t=470 rule_t=227 ovr=0
[srch] t=462 rule_t=223 ovr=0
[srch] t=398 rule_t=195 ovr=0
[srch] t=478 rule_t=239 ovr=0
[srch] t=782 rule_t=387 ovr=0
[srch] t=1180 rule_t=590 ovr=0
[srch] t=828 rule_t=402 ovr=0
[srch] t=1010 rule_t=505 ovr=0
[srch] t=1057 rule_t=1057 ovr=0
[srch] t=1053 rule_t=1053 ovr=0
[srch] t=1156 rule_t=562 ovr=0
[srch] t=1256 rule_t=628 ovr=0
[srch] t=1271 rule_t=1271 ovr=0
[srch] t=1334 rule_t=1334 ovr=0
[srch] t=1522 rule_t=502 ovr=0
[srch] t=4004 rule_t=1994 ovr=0
[srch] t=6048 rule_t=3020 ovr=0
[srch] t=8164 rule_t=4082 ovr=0
[srch] t=11728 rule_t=11728 ovr=0
[srch] t=25781 rule_t=25781 ovr=0
[srch] t=1503 rule_t=1503 ovr=0
[srch] t=1579 rule_t=521 ovr=0
[srch] t=1742 rule_t=867 ovr=0
[srch] t=1692 rule_t=846 ovr=0
[srch] t=1326 rule_t=651 ovr=0
[srch] t=1343 rule_t=445 ovr=0
[srch] t=1862 rule_t=931 ovr=0
[srch] t=8070 rule_t=8070 ovr=0
[pub_tetsutani_grimmsnarl                  ] W2/D0/L2/E0 (grimmsnarl_froslass_chip)
[srch] t=1049 rule_t=1049 ovr=0
[srch] t=951 rule_t=951 ovr=0
[srch] t=896 rule_t=436 ovr=0
[srch] t=908 rule_t=454 ovr=0
[srch] t=914 rule_t=914 ovr=0
[srch] t=1204 rule_t=1204 ovr=0
[srch] t=456 rule_t=146 ovr=0
[srch] t=424 rule_t=206 ovr=0
[srch] t=446 rule_t=220 ovr=0
[srch] t=1938 rule_t=969 ovr=0
[srch] t=3574 rule_t=1784 ovr=0
[srch] t=4198 rule_t=2096 ovr=0
[srch] t=17086 rule_t=17086 ovr=0
[srch] t=37131 rule_t=37131 ovr=0
[srch] t=926 rule_t=463 ovr=0
[srch] t=908 rule_t=908 ovr=0
[srch] t=915 rule_t=915 ovr=0
[srch] t=865 rule_t=865 ovr=0
[srch] t=189 rule_t=55 ovr=0
[srch] t=213 rule_t=69 ovr=0
[srch] t=234 rule_t=117 ovr=0
[srch] t=226 rule_t=107 ovr=0
[srch] t=272 rule_t=130 ovr=0
[srch] t=264 rule_t=126 ovr=0
[srch] t=282 rule_t=138 ovr=0
[srch] t=765 rule_t=247 ovr=0
[srch] t=624 rule_t=309 ovr=0
[srch] t=816 rule_t=816 ovr=0
[srch] t=850 rule_t=850 ovr=0
[srch] t=8127 rule_t=2709 ovr=0
[srch] t=37144 rule_t=37144 ovr=0
[srch] t=1116 rule_t=1116 ovr=0
[srch] t=988 rule_t=491 ovr=0
[srch] t=949 rule_t=949 ovr=0
[srch] t=903 rule_t=903 ovr=0
[srch] t=939 rule_t=939 ovr=0
[srch] t=1134 rule_t=376 ovr=0
[srch] t=1191 rule_t=1191 ovr=0
[srch] t=411 rule_t=137 ovr=0
[srch] t=438 rule_t=216 ovr=0
[srch] t=588 rule_t=294 ovr=0
[srch] t=1010 rule_t=505 ovr=0
[srch] t=981 rule_t=981 ovr=0
[srch] t=984 rule_t=984 ovr=0
[srch] t=969 rule_t=969 ovr=0
[srch] t=324 rule_t=162 ovr=0
[srch] t=310 rule_t=155 ovr=0
[srch] t=342 rule_t=342 ovr=0
[srch] t=798 rule_t=399 ovr=0
[srch] t=896 rule_t=896 ovr=0
[srch] t=1020 rule_t=507 ovr=0
[srch] t=1303 rule_t=1303 ovr=0
[srch] t=1224 rule_t=1224 ovr=0
[srch] t=11230 rule_t=5612 ovr=0
[srch] t=6262 rule_t=3131 ovr=0
[srch] t=10547 rule_t=10547 ovr=0
[srch] t=16098 rule_t=16098 ovr=0
[srch] t=35371 rule_t=35371 ovr=0
[pub_kityugin_mega_lucario                 ] W4/D0/L0/E0 (mega_lucario_kityugin)
[srch] t=1554 rule_t=777 ovr=0
[srch] t=1650 rule_t=825 ovr=0
[srch] t=1639 rule_t=1639 ovr=0
[srch] t=1472 rule_t=736 ovr=0
[srch] t=1337 rule_t=443 ovr=0
[srch] t=1383 rule_t=1383 ovr=0
[srch] t=1406 rule_t=1406 ovr=0
[srch] t=1436 rule_t=718 ovr=0
[srch] t=1449 rule_t=1449 ovr=0
[srch] t=1575 rule_t=1575 ovr=0
[srch] t=764 rule_t=382 ovr=0
[srch] t=774 rule_t=774 ovr=0
[srch] t=1030 rule_t=511 ovr=0
[srch] t=1080 rule_t=540 ovr=0
[srch] t=1804 rule_t=898 ovr=0
[srch] t=1500 rule_t=750 ovr=0
[srch] t=1519 rule_t=1519 ovr=0
[srch] t=1426 rule_t=709 ovr=0
[srch] t=1539 rule_t=1539 ovr=0
[srch] t=1386 rule_t=693 ovr=0
[srch] t=1422 rule_t=711 ovr=0
[srch] t=1406 rule_t=703 ovr=0
[srch] t=1338 rule_t=669 ovr=0
[srch] t=1324 rule_t=436 ovr=0
[srch] t=1362 rule_t=677 ovr=0
[srch] t=1306 rule_t=637 ovr=0
[srch] t=1524 rule_t=508 ovr=0
[srch] t=720 rule_t=356 ovr=0
[srch] t=699 rule_t=233 ovr=0
[srch] t=810 rule_t=270 ovr=0
[srch] t=718 rule_t=234 ovr=0
[srch] t=794 rule_t=389 ovr=0
[srch] t=482 rule_t=241 ovr=0
[srch] t=950 rule_t=475 ovr=0
[srch] t=1433 rule_t=1433 ovr=0
[srch] t=1680 rule_t=840 ovr=0
[srch] t=1769 rule_t=1769 ovr=0
[srch] t=2038 rule_t=1019 ovr=0
[srch] t=1870 rule_t=927 ovr=0
[srch] t=1858 rule_t=1858 ovr=0
[srch] t=1792 rule_t=896 ovr=0
[srch] t=1830 rule_t=1830 ovr=0
[srch] t=1472 rule_t=736 ovr=0
[srch] t=1236 rule_t=1236 ovr=0
[srch] t=1200 rule_t=600 ovr=0
[srch] t=1217 rule_t=1217 ovr=0
[srch] t=236 rule_t=118 ovr=0
[srch] t=241 rule_t=241 ovr=0
[srch] t=230 rule_t=230 ovr=0
[srch] t=232 rule_t=72 ovr=0
[srch] t=262 rule_t=123 ovr=0
[srch] t=339 rule_t=339 ovr=0
[srch] t=347 rule_t=347 ovr=0
[srch] t=398 rule_t=133 ovr=0
[srch] t=370 rule_t=185 ovr=0
[srch] t=360 rule_t=360 ovr=0
[srch] t=362 rule_t=362 ovr=0
[srch] t=386 rule_t=126 ovr=0
[srch] t=434 rule_t=217 ovr=0
[srch] t=379 rule_t=379 ovr=0
[srch] t=470 rule_t=223 ovr=0
[srch] t=507 rule_t=169 ovr=0
[srch] t=628 rule_t=314 ovr=0
[srch] t=791 rule_t=791 ovr=0
[srch] t=791 rule_t=791 ovr=0
[srch] t=829 rule_t=829 ovr=0
[srch] t=1154 rule_t=577 ovr=0
[srch] t=860 rule_t=860 ovr=0
[srch] t=1252 rule_t=1252 ovr=0
[srch] t=1282 rule_t=1282 ovr=0
[srch] t=1142 rule_t=571 ovr=0
[srch] t=1305 rule_t=1305 ovr=0
[srch] t=1364 rule_t=1364 ovr=0
[srch] t=1215 rule_t=1215 ovr=0
[srch] t=1316 rule_t=1316 ovr=0
[srch] t=696 rule_t=348 ovr=0
[srch] t=7892 rule_t=3946 ovr=0
[srch] t=1636 rule_t=806 ovr=0
[srch] t=1695 rule_t=1695 ovr=0
[srch] t=1669 rule_t=543 ovr=0
[srch] t=1748 rule_t=580 ovr=0
[srch] t=1905 rule_t=635 ovr=0
[srch] t=1850 rule_t=1850 ovr=0
[srch] t=1917 rule_t=1917 ovr=0
[llccqq624_marniebelief                    ] W4/D0/L0/E0 (darkness_marnie_munkidori)

===== PROXY LEAGUE SUMMARY =====
  W1/D0/L3/E0  pub_raunakdey07_advanced_heuristic [advanced_heuristic]
  W1/D0/L3/E0  sweep_biohack44_crustle_counter [crustle_counter]
  W2/D0/L2/E0  pub_mechi22_alakazam_skeleton [alakazam_skeleton]
  W2/D0/L2/E0  pub_souta_elo1208 [crustle_great_tusk_libraryout]
  W2/D0/L2/E0  pub_tetsutani_grimmsnarl [grimmsnarl_froslass_chip]
  W3/D0/L1/E0  pub_aman_crustle [Riolu]
  W3/D0/L1/E0  pub_harukiharada_wall [crustle_wall_pub]
  W3/D0/L1/E0  pub_jazivxt_garchomp_gpu [garchomp_gpu]
  W3/D0/L1/E0  sweep_aristophanivan_probability [probabilistic_expectimax]
  W4/D0/L0/E0  llccqq624_marniebelief [darkness_marnie_munkidori]
  W4/D0/L0/E0  lp_masat_tank_crustle [crustle_tank_heal]
  W4/D0/L0/E0  pub_borealis27_elo1150 [Mega Lucario ex]
  W4/D0/L0/E0  pub_dedquoc_rule_engine [generic_rule_engine]
  W4/D0/L0/E0  pub_kityugin_mega_lucario [mega_lucario_kityugin]
  W4/D0/L0/E0  pub_multiply_940 [Riolu]
  W4/D0/L0/E0  pub_naoto714_rocket_kangaskhan [rocket_kangaskhan]
  W4/D0/L0/E0  public_naoto714_archeops_draw_v1 [archeops_devolve_fighting]
TOTAL: W52/D0/L16/E0; completed=68/68; WDL=76.5%
out=/private/tmp/ab16j/full/cap10_g3.json
meta=/private/tmp/ab16j/full/cap10_g3.json.meta.json
