[srch] t=1036 rule_t=1036 ovr=0
[srch] t=978 rule_t=489 ovr=0
[srch] t=933 rule_t=305 ovr=0
[srch] t=855 rule_t=855 ovr=0
[srch] t=852 rule_t=852 ovr=0
[srch] t=765 rule_t=765 ovr=0
[srch] t=699 rule_t=699 ovr=0
[srch] t=698 rule_t=698 ovr=0
[srch] t=756 rule_t=756 ovr=0
[srch] t=760 rule_t=760 ovr=0
[srch] t=240 rule_t=114 ovr=0
[srch] t=423 rule_t=423 ovr=0
[srch] t=467 rule_t=467 ovr=0
[srch] t=656 rule_t=328 ovr=0
[srch] t=670 rule_t=335 ovr=0
[srch] t=673 rule_t=673 ovr=0
[srch] t=679 rule_t=679 ovr=0
[srch] t=1324 rule_t=653 ovr=0
[srch] t=606 rule_t=297 ovr=0
[srch] t=8704 rule_t=4346 ovr=0
[srch] t=917 rule_t=917 ovr=0
[srch] t=852 rule_t=417 ovr=0
[srch] t=840 rule_t=840 ovr=0
[srch] t=820 rule_t=410 ovr=0
[srch] t=829 rule_t=829 ovr=0
[srch] t=2072 rule_t=1033 ovr=0
[srch] t=927 rule_t=927 ovr=0
[srch] t=906 rule_t=906 ovr=0
[srch] t=946 rule_t=946 ovr=0
[srch] t=1201 rule_t=1201 ovr=0
[srch] t=1162 rule_t=575 ovr=0
[srch] t=1239 rule_t=1239 ovr=0
[srch] t=1902 rule_t=948 ovr=0
[srch] t=2324 rule_t=1162 ovr=0
[srch] t=2352 rule_t=1173 ovr=0
[srch] t=3327 rule_t=1109 ovr=0
[srch] t=7719 rule_t=7719 ovr=0
[srch] t=16569 rule_t=16569 ovr=0
[srch] t=37907 rule_t=37907 ovr=0
[srch] t=1007 rule_t=1007 ovr=0
[srch] t=918 rule_t=918 ovr=0
[srch] t=868 rule_t=868 ovr=0
[srch] t=934 rule_t=934 ovr=0
[srch] t=1132 rule_t=1132 ovr=0
[srch] t=422 rule_t=211 ovr=0
[srch] t=470 rule_t=235 ovr=0
[srch] t=358 rule_t=164 ovr=0
[srch] t=514 rule_t=257 ovr=0
[srch] t=630 rule_t=315 ovr=0
[srch] t=626 rule_t=626 ovr=0
[srch] t=1068 rule_t=531 ovr=0
[srch] t=1072 rule_t=536 ovr=0
[srch] t=1178 rule_t=1178 ovr=0
[srch] t=2320 rule_t=1160 ovr=0
[srch] t=7281 rule_t=2427 ovr=0
[srch] t=35752 rule_t=35752 ovr=0
[public_masamikobayashi_cynthia_garchomp_v1] W4/D0/L0/E0 (cynthia_garchomp_fighting)
[srch] t=1121 rule_t=1121 ovr=0
[srch] t=970 rule_t=970 ovr=0
[srch] t=845 rule_t=845 ovr=0
[srch] t=893 rule_t=893 ovr=0
[srch] t=316 rule_t=146 ovr=0
[srch] t=328 rule_t=156 ovr=0
[srch] t=548 rule_t=274 ovr=0
[srch] t=490 rule_t=241 ovr=0
[srch] t=514 rule_t=257 ovr=0
[srch] t=553 rule_t=553 ovr=0
[srch] t=414 rule_t=130 ovr=0
[srch] t=441 rule_t=147 ovr=0
[srch] t=569 rule_t=569 ovr=0
[srch] t=536 rule_t=264 ovr=0
[srch] t=504 rule_t=168 ovr=0
[srch] t=825 rule_t=825 ovr=0
[srch] t=814 rule_t=407 ovr=0
[srch] t=756 rule_t=244 ovr=0
[srch] t=911 rule_t=301 ovr=0
[srch] t=728 rule_t=360 ovr=0
[srch] t=2188 rule_t=1094 ovr=0
[srch] t=1978 rule_t=981 ovr=0
[srch] t=2263 rule_t=2263 ovr=0
[srch] t=2611 rule_t=2611 ovr=0
[srch] t=3125 rule_t=3125 ovr=0
[srch] t=3234 rule_t=3234 ovr=0
[srch] t=5235 rule_t=5235 ovr=0
[srch] t=10839 rule_t=10839 ovr=0
[srch] t=27932 rule_t=27932 ovr=0
[srch] t=1058 rule_t=529 ovr=0
[srch] t=934 rule_t=467 ovr=0
[srch] t=934 rule_t=934 ovr=0
[srch] t=268 rule_t=122 ovr=0
[srch] t=360 rule_t=180 ovr=0
[srch] t=433 rule_t=433 ovr=0
[srch] t=794 rule_t=397 ovr=0
[srch] t=909 rule_t=295 ovr=0
[srch] t=922 rule_t=922 ovr=0
[srch] t=1030 rule_t=330 ovr=0
[srch] t=2359 rule_t=781 ovr=0
[srch] t=2984 rule_t=2984 ovr=0
[srch] t=3341 rule_t=3341 ovr=0
[srch] t=6552 rule_t=3260 ovr=0
[srch] t=1090 rule_t=1090 ovr=0
[srch] t=986 rule_t=493 ovr=0
[srch] t=996 rule_t=996 ovr=0
[srch] t=930 rule_t=930 ovr=0
[srch] t=949 rule_t=949 ovr=0
[srch] t=322 rule_t=157 ovr=0
[srch] t=333 rule_t=333 ovr=0
[srch] t=324 rule_t=162 ovr=0
[srch] t=358 rule_t=358 ovr=0
[srch] t=416 rule_t=416 ovr=0
[srch] t=530 rule_t=530 ovr=0
[srch] t=1096 rule_t=1096 ovr=0
[srch] t=1663 rule_t=1663 ovr=0
[srch] t=2671 rule_t=2671 ovr=0
[srch] t=10428 rule_t=10428 ovr=0
[srch] t=1042 rule_t=1042 ovr=0
[srch] t=894 rule_t=290 ovr=0
[srch] t=872 rule_t=432 ovr=0
[srch] t=954 rule_t=954 ovr=0
[srch] t=1018 rule_t=1018 ovr=0
[srch] t=522 rule_t=261 ovr=0
[srch] t=580 rule_t=580 ovr=0
[srch] t=734 rule_t=367 ovr=0
[srch] t=1352 rule_t=668 ovr=0
[srch] t=992 rule_t=488 ovr=0
[srch] t=1024 rule_t=508 ovr=0
[srch] t=953 rule_t=953 ovr=0
[srch] t=912 rule_t=912 ovr=0
[srch] t=690 rule_t=337 ovr=0
[srch] t=910 rule_t=455 ovr=0
[srch] t=953 rule_t=953 ovr=0
[srch] t=1103 rule_t=1103 ovr=0
[srch] t=2940 rule_t=1466 ovr=0
[srch] t=12922 rule_t=12922 ovr=0
[own_alakazam_v56_lb934                    ] W3/D0/L1/E0 (alakazam_own_lb934)
[srch] t=1010 rule_t=505 ovr=0
[srch] t=998 rule_t=487 ovr=1
[srch] t=992 rule_t=992 ovr=0
[srch] t=957 rule_t=957 ovr=0
[srch] t=939 rule_t=939 ovr=0
[srch] t=914 rule_t=914 ovr=0
[srch] t=912 rule_t=302 ovr=0
[srch] t=918 rule_t=918 ovr=0
[srch] t=929 rule_t=929 ovr=0
[srch] t=894 rule_t=894 ovr=0
[srch] t=914 rule_t=451 ovr=0
[srch] t=951 rule_t=951 ovr=0
[srch] t=939 rule_t=939 ovr=0
[srch] t=962 rule_t=962 ovr=0
[srch] t=985 rule_t=985 ovr=0
[srch] t=1092 rule_t=1092 ovr=0
[srch] t=236 rule_t=236 ovr=0
[srch] t=391 rule_t=391 ovr=0
[srch] t=437 rule_t=437 ovr=0
[srch] t=388 rule_t=388 ovr=0
[srch] t=425 rule_t=425 ovr=0
[srch] t=1381 rule_t=1381 ovr=0
[srch] t=1526 rule_t=1526 ovr=0
[srch] t=1689 rule_t=1689 ovr=0
[srch] t=2283 rule_t=2283 ovr=0
[srch] t=2173 rule_t=2173 ovr=0
[srch] t=2418 rule_t=2418 ovr=0
[srch] t=10896 rule_t=3626 ovr=0
[srch] t=12855 rule_t=4279 ovr=0
[srch] t=1050 rule_t=1050 ovr=0
[srch] t=932 rule_t=460 ovr=0
[srch] t=949 rule_t=949 ovr=0
[srch] t=1051 rule_t=1051 ovr=0
[srch] t=606 rule_t=303 ovr=0
[srch] t=623 rule_t=623 ovr=0
[srch] t=756 rule_t=252 ovr=0
[srch] t=1106 rule_t=550 ovr=0
[srch] t=996 rule_t=492 ovr=0
[srch] t=1606 rule_t=800 ovr=0
[srch] t=2551 rule_t=2551 ovr=0
[srch] t=3013 rule_t=3013 ovr=0
[srch] t=2181 rule_t=2181 ovr=0
[srch] t=1772 rule_t=1772 ovr=0
[srch] t=972 rule_t=312 ovr=0
[srch] t=1360 rule_t=659 ovr=0
[srch] t=3190 rule_t=3190 ovr=0
[srch] t=1012 rule_t=503 ovr=0
[srch] t=918 rule_t=918 ovr=0
[srch] t=913 rule_t=913 ovr=0
[srch] t=915 rule_t=915 ovr=0
[srch] t=920 rule_t=920 ovr=0
[srch] t=952 rule_t=470 ovr=0
[srch] t=972 rule_t=486 ovr=0
[srch] t=1234 rule_t=614 ovr=0
[srch] t=1248 rule_t=624 ovr=0
[srch] t=237 rule_t=75 ovr=1
[srch] t=256 rule_t=125 ovr=0
[srch] t=267 rule_t=267 ovr=0
[srch] t=633 rule_t=209 ovr=0
[srch] t=627 rule_t=627 ovr=0
[srch] t=924 rule_t=459 ovr=0
[srch] t=1353 rule_t=451 ovr=0
[srch] t=1174 rule_t=581 ovr=0
[srch] t=2066 rule_t=1033 ovr=0
[srch] t=2204 rule_t=2204 ovr=0
[srch] t=3132 rule_t=3132 ovr=0
[srch] t=3634 rule_t=3634 ovr=0
[srch] t=34174 rule_t=34174 ovr=0
[srch] t=1070 rule_t=532 ovr=0
[srch] t=1064 rule_t=1064 ovr=0
[srch] t=996 rule_t=996 ovr=0
[srch] t=1022 rule_t=511 ovr=0
[srch] t=1042 rule_t=1042 ovr=0
[srch] t=489 rule_t=489 ovr=0
[srch] t=700 rule_t=350 ovr=0
[srch] t=914 rule_t=457 ovr=0
[srch] t=1554 rule_t=777 ovr=0
[srch] t=1426 rule_t=713 ovr=0
[srch] t=2150 rule_t=1075 ovr=0
[srch] t=3309 rule_t=1097 ovr=0
[srch] t=5674 rule_t=2837 ovr=0
[srch] t=7508 rule_t=7508 ovr=0
[srch] t=37588 rule_t=37588 ovr=0
[pub_romanrozen_v10                        ] W4/D0/L0/E0 (Mega Lucario ex)
[srch] t=908 rule_t=454 ovr=0
[srch] t=909 rule_t=909 ovr=0
[srch] t=876 rule_t=876 ovr=0
[srch] t=836 rule_t=418 ovr=0
[srch] t=1083 rule_t=1083 ovr=0
[srch] t=1214 rule_t=1214 ovr=0
[srch] t=1626 rule_t=1626 ovr=0
[srch] t=911 rule_t=911 ovr=0
[srch] t=852 rule_t=426 ovr=0
[srch] t=1052 rule_t=1052 ovr=0
[srch] t=1130 rule_t=561 ovr=0
[srch] t=1181 rule_t=1181 ovr=0
[srch] t=10804 rule_t=10804 ovr=0
[srch] t=37364 rule_t=37364 ovr=0
[srch] t=964 rule_t=474 ovr=0
[srch] t=872 rule_t=872 ovr=0
[srch] t=836 rule_t=836 ovr=0
[srch] t=832 rule_t=832 ovr=0
[srch] t=986 rule_t=489 ovr=0
[srch] t=1080 rule_t=1080 ovr=0
[srch] t=1234 rule_t=1234 ovr=0
[srch] t=1371 rule_t=1371 ovr=0
[srch] t=1404 rule_t=1404 ovr=0
[srch] t=1022 rule_t=1022 ovr=0
[srch] t=854 rule_t=854 ovr=0
[srch] t=840 rule_t=420 ovr=0
[srch] t=888 rule_t=888 ovr=0
[srch] t=783 rule_t=261 ovr=0
[srch] t=806 rule_t=806 ovr=0
[srch] t=899 rule_t=899 ovr=0
[srch] t=1247 rule_t=1247 ovr=0
[pub_dicer992_archaludon                   ] W4/D0/L0/E0 (Duraludon)
[srch] t=916 rule_t=446 ovr=0
[srch] t=888 rule_t=888 ovr=0
[srch] t=864 rule_t=864 ovr=0
[srch] t=868 rule_t=422 ovr=0
[srch] t=1050 rule_t=525 ovr=0
[srch] t=1034 rule_t=1034 ovr=0
[srch] t=883 rule_t=883 ovr=0
[srch] t=855 rule_t=285 ovr=0
[srch] t=855 rule_t=855 ovr=0
[srch] t=881 rule_t=881 ovr=0
[srch] t=946 rule_t=946 ovr=0
[srch] t=1114 rule_t=553 ovr=0
[srch] t=1146 rule_t=1146 ovr=0
[srch] t=803 rule_t=803 ovr=0
[srch] t=859 rule_t=859 ovr=0
[srch] t=868 rule_t=868 ovr=0
[srch] t=1352 rule_t=1352 ovr=0
[srch] t=815 rule_t=815 ovr=0
[pub_yukichacha_venusaur                   ] W2/D2/L0/E0 (Bulbasaur)
[srch] t=1094 rule_t=1094 ovr=0
[srch] t=989 rule_t=327 ovr=0
[srch] t=984 rule_t=984 ovr=0
[srch] t=310 rule_t=143 ovr=0
[srch] t=398 rule_t=199 ovr=0
[srch] t=666 rule_t=222 ovr=0
[srch] t=700 rule_t=346 ovr=0
[srch] t=897 rule_t=897 ovr=0
[srch] t=498 rule_t=249 ovr=0
[srch] t=549 rule_t=175 ovr=0
[srch] t=606 rule_t=303 ovr=0
[srch] t=740 rule_t=740 ovr=0
[srch] t=769 rule_t=769 ovr=0
[srch] t=674 rule_t=325 ovr=0
[srch] t=868 rule_t=434 ovr=0
[srch] t=958 rule_t=958 ovr=0
[srch] t=1264 rule_t=628 ovr=0
[srch] t=1308 rule_t=654 ovr=0
[srch] t=1395 rule_t=1395 ovr=0
[srch] t=1455 rule_t=1455 ovr=0
[srch] t=1757 rule_t=1757 ovr=0
[srch] t=1732 rule_t=564 ovr=0
[srch] t=2237 rule_t=743 ovr=0
[srch] t=2304 rule_t=2304 ovr=0
[srch] t=32939 rule_t=32939 ovr=0
[srch] t=1042 rule_t=1042 ovr=0
[srch] t=1011 rule_t=1011 ovr=0
[srch] t=968 rule_t=968 ovr=0
[srch] t=902 rule_t=902 ovr=0
[srch] t=912 rule_t=912 ovr=0
[srch] t=1002 rule_t=501 ovr=0
[srch] t=1022 rule_t=1022 ovr=0
[srch] t=1019 rule_t=1019 ovr=0
[srch] t=1081 rule_t=1081 ovr=0
[srch] t=1131 rule_t=1131 ovr=0
[srch] t=1307 rule_t=1307 ovr=0
[srch] t=305 rule_t=153 ovr=0
[srch] t=1070 rule_t=1070 ovr=0
[srch] t=993 rule_t=993 ovr=0
[srch] t=1070 rule_t=531 ovr=0
[srch] t=1428 rule_t=714 ovr=0
[srch] t=1391 rule_t=1391 ovr=0
[srch] t=2602 rule_t=2602 ovr=0
[srch] t=3427 rule_t=3427 ovr=0
[srch] t=1122 rule_t=1122 ovr=0
[srch] t=1115 rule_t=1115 ovr=0
[srch] t=995 rule_t=995 ovr=0
[srch] t=1019 rule_t=337 ovr=0
[srch] t=1017 rule_t=1017 ovr=0
[srch] t=1032 rule_t=1032 ovr=0
[srch] t=464 rule_t=152 ovr=0
[srch] t=567 rule_t=567 ovr=0
[srch] t=868 rule_t=868 ovr=0
[srch] t=578 rule_t=578 ovr=0
[srch] t=543 rule_t=543 ovr=0
[srch] t=623 rule_t=197 ovr=0
[srch] t=665 rule_t=211 ovr=0
[srch] t=656 rule_t=324 ovr=0
[srch] t=860 rule_t=430 ovr=0
[srch] t=1188 rule_t=1188 ovr=0
[srch] t=1279 rule_t=1279 ovr=0
[srch] t=1725 rule_t=567 ovr=0
[srch] t=1708 rule_t=854 ovr=0
[srch] t=1928 rule_t=1928 ovr=0
[srch] t=2177 rule_t=2177 ovr=0
[srch] t=1810 rule_t=598 ovr=0
[srch] t=2069 rule_t=687 ovr=0
[srch] t=2392 rule_t=2392 ovr=0
[srch] t=3059 rule_t=3059 ovr=0
[srch] t=3313 rule_t=3313 ovr=0
[srch] t=4247 rule_t=4247 ovr=0
[srch] t=30017 rule_t=30017 ovr=0
[pub_prvsiyan_alakazam_ladder              ] W2/D0/L2/E0 (alakazam_ladder_disruption)
[pub_naoto714_wall                         ] W1/D0/L3/E0 (crustle_wall_pub)
[pub_kiyotah_abomasnow                     ] W2/D0/L2/E0 (abomasnow)
[srch] t=992 rule_t=320 ovr=1
[srch] t=929 rule_t=929 ovr=0
[srch] t=854 rule_t=854 ovr=0
[srch] t=827 rule_t=827 ovr=0
[srch] t=942 rule_t=942 ovr=0
[srch] t=1365 rule_t=1365 ovr=0
[srch] t=241 rule_t=113 ovr=0
[srch] t=294 rule_t=294 ovr=0
[srch] t=316 rule_t=316 ovr=0
[srch] t=402 rule_t=197 ovr=0
[srch] t=522 rule_t=261 ovr=0
[srch] t=352 rule_t=164 ovr=0
[srch] t=506 rule_t=245 ovr=0
[srch] t=682 rule_t=341 ovr=0
[srch] t=1840 rule_t=916 ovr=0
[srch] t=1026 rule_t=1026 ovr=0
[srch] t=938 rule_t=302 ovr=0
[srch] t=935 rule_t=935 ovr=0
[srch] t=935 rule_t=935 ovr=0
[srch] t=967 rule_t=967 ovr=0
[srch] t=938 rule_t=469 ovr=0
[srch] t=883 rule_t=883 ovr=0
[srch] t=900 rule_t=900 ovr=0
[srch] t=894 rule_t=894 ovr=0
[srch] t=792 rule_t=792 ovr=0
[srch] t=916 rule_t=916 ovr=0
[srch] t=156 rule_t=156 ovr=0
[srch] t=176 rule_t=176 ovr=0
[srch] t=138 rule_t=69 ovr=1
[srch] t=334 rule_t=167 ovr=0
[srch] t=436 rule_t=218 ovr=0
[srch] t=474 rule_t=474 ovr=0
[srch] t=676 rule_t=676 ovr=0
[srch] t=2363 rule_t=2363 ovr=0
[srch] t=7780 rule_t=3886 ovr=0
[srch] t=1003 rule_t=1003 ovr=0
[srch] t=880 rule_t=436 ovr=0
[srch] t=897 rule_t=897 ovr=0
[srch] t=983 rule_t=983 ovr=0
[srch] t=1037 rule_t=1037 ovr=0
[srch] t=1120 rule_t=1120 ovr=0
[srch] t=1276 rule_t=1276 ovr=0
[srch] t=544 rule_t=176 ovr=0
[srch] t=584 rule_t=288 ovr=0
[srch] t=780 rule_t=390 ovr=0
[srch] t=811 rule_t=811 ovr=0
[srch] t=6880 rule_t=3440 ovr=0
[srch] t=11113 rule_t=11113 ovr=0
[srch] t=35836 rule_t=35836 ovr=0
[srch] t=1053 rule_t=1053 ovr=0
[srch] t=1054 rule_t=1054 ovr=0
[srch] t=1395 rule_t=1395 ovr=0
[srch] t=7359 rule_t=7359 ovr=0
[pub_lucifer19_battlecore                  ] W2/D0/L2/E0 (archaludon_or_alakazam_challenger)
[srch] t=1659 rule_t=547 ovr=0
[srch] t=1024 rule_t=1024 ovr=0
[srch] t=959 rule_t=959 ovr=0
[srch] t=963 rule_t=315 ovr=0
[srch] t=966 rule_t=966 ovr=0
[srch] t=962 rule_t=962 ovr=0
[srch] t=1358 rule_t=1358 ovr=0
[srch] t=1083 rule_t=357 ovr=0
[srch] t=1826 rule_t=913 ovr=0
[srch] t=6735 rule_t=2241 ovr=0
[srch] t=963 rule_t=313 ovr=0
[srch] t=987 rule_t=987 ovr=0
[srch] t=861 rule_t=861 ovr=0
[srch] t=824 rule_t=409 ovr=0
[srch] t=848 rule_t=424 ovr=0
[srch] t=847 rule_t=847 ovr=0
[srch] t=1016 rule_t=1016 ovr=0
[srch] t=416 rule_t=202 ovr=0
[srch] t=536 rule_t=536 ovr=0
[srch] t=560 rule_t=560 ovr=0
[srch] t=976 rule_t=476 ovr=0
[srch] t=1074 rule_t=537 ovr=0
[srch] t=1724 rule_t=859 ovr=0
[srch] t=4584 rule_t=1528 ovr=0
[srch] t=7220 rule_t=3610 ovr=0
[srch] t=34347 rule_t=34347 ovr=0
[srch] t=1036 rule_t=1036 ovr=0
[srch] t=968 rule_t=481 ovr=0
[srch] t=992 rule_t=992 ovr=0
[srch] t=586 rule_t=290 ovr=0
[srch] t=604 rule_t=302 ovr=0
[srch] t=700 rule_t=700 ovr=0
[srch] t=732 rule_t=366 ovr=0
[srch] t=1020 rule_t=498 ovr=0
[srch] t=1106 rule_t=1106 ovr=0
[srch] t=1466 rule_t=721 ovr=0
[srch] t=1767 rule_t=1767 ovr=0
[srch] t=1987 rule_t=1987 ovr=0
[srch] t=2206 rule_t=2206 ovr=0
[srch] t=3154 rule_t=1577 ovr=0
[srch] t=3791 rule_t=3791 ovr=0
[srch] t=3676 rule_t=1838 ovr=0
[srch] t=6558 rule_t=6558 ovr=0
[srch] t=10696 rule_t=10696 ovr=0
[srch] t=34943 rule_t=34943 ovr=0
[pub_daniilkrasnovvv_conservative          ] W4/D0/L0/E0 (conservative_probabilistic)
[srch] t=1528 rule_t=1528 ovr=0
[srch] t=1264 rule_t=416 ovr=0
[srch] t=1274 rule_t=633 ovr=0
[srch] t=1272 rule_t=1272 ovr=0
[srch] t=964 rule_t=458 ovr=0
[srch] t=968 rule_t=968 ovr=0
[srch] t=982 rule_t=314 ovr=0
[srch] t=1009 rule_t=1009 ovr=0
[srch] t=1166 rule_t=378 ovr=0
[srch] t=1222 rule_t=1222 ovr=0
[srch] t=1247 rule_t=413 ovr=0
[srch] t=1350 rule_t=1350 ovr=0
[srch] t=740 rule_t=366 ovr=0
[srch] t=683 rule_t=225 ovr=0
[srch] t=862 rule_t=431 ovr=0
[srch] t=965 rule_t=965 ovr=0
[srch] t=1165 rule_t=1165 ovr=0
[srch] t=23040 rule_t=11520 ovr=0
[srch] t=1664 rule_t=828 ovr=0
[srch] t=1827 rule_t=1827 ovr=0
[srch] t=1804 rule_t=1804 ovr=0
[srch] t=1425 rule_t=1425 ovr=0
[srch] t=1472 rule_t=1472 ovr=0
[srch] t=1471 rule_t=1471 ovr=0
[srch] t=1632 rule_t=1632 ovr=0
[srch] t=1661 rule_t=1661 ovr=0
[srch] t=1451 rule_t=1451 ovr=0
[srch] t=1222 rule_t=1222 ovr=0
[srch] t=1240 rule_t=1240 ovr=0
[srch] t=1218 rule_t=609 ovr=0
[srch] t=1238 rule_t=1238 ovr=0
[srch] t=1163 rule_t=385 ovr=1
[srch] t=1176 rule_t=1176 ovr=0
[srch] t=1218 rule_t=609 ovr=0
[srch] t=1233 rule_t=1233 ovr=0
[srch] t=1664 rule_t=1664 ovr=0
[srch] t=836 rule_t=418 ovr=0
[srch] t=946 rule_t=473 ovr=0
[srch] t=1327 rule_t=1327 ovr=0
[srch] t=1971 rule_t=657 ovr=0
[srch] t=2004 rule_t=2004 ovr=0
[srch] t=910 rule_t=455 ovr=0
[srch] t=748 rule_t=748 ovr=0
[srch] t=1054 rule_t=1054 ovr=0
[srch] t=1273 rule_t=1273 ovr=0
[srch] t=1589 rule_t=1589 ovr=0
[srch] t=1818 rule_t=606 ovr=0
[srch] t=2076 rule_t=1038 ovr=0
[srch] t=3252 rule_t=3252 ovr=0
[srch] t=6008 rule_t=3004 ovr=0
[srch] t=18809 rule_t=18809 ovr=0
[srch] t=1398 rule_t=691 ovr=0
[srch] t=1439 rule_t=1439 ovr=0
[srch] t=1344 rule_t=664 ovr=0
[srch] t=1430 rule_t=695 ovr=1
[srch] t=1310 rule_t=643 ovr=0
[srch] t=1430 rule_t=474 ovr=0
[srch] t=1496 rule_t=740 ovr=0
[srch] t=1064 rule_t=352 ovr=1
[srch] t=1128 rule_t=556 ovr=0
[srch] t=1212 rule_t=606 ovr=0
[srch] t=1471 rule_t=1471 ovr=0
[srch] t=1514 rule_t=502 ovr=0
[srch] t=1565 rule_t=1565 ovr=0
[srch] t=1888 rule_t=1888 ovr=0
[srch] t=232 rule_t=112 ovr=0
[srch] t=274 rule_t=274 ovr=0
[srch] t=1333 rule_t=1333 ovr=0
[srch] t=1310 rule_t=655 ovr=0
[pub_jazivxt_crustle_counter               ] W4/D0/L0/E0 (crustle_counter_al220)
[pub_naoto714_kangaskhan_turn2             ] W4/D0/L0/E0 (rocket_kangaskhan_turn2)
[srch] t=996 rule_t=495 ovr=0
[srch] t=974 rule_t=974 ovr=0
[srch] t=929 rule_t=929 ovr=0
[srch] t=827 rule_t=827 ovr=0
[srch] t=855 rule_t=855 ovr=0
[srch] t=191 rule_t=64 ovr=0
[srch] t=190 rule_t=92 ovr=0
[srch] t=208 rule_t=101 ovr=0
[srch] t=278 rule_t=139 ovr=0
[srch] t=324 rule_t=324 ovr=0
[srch] t=336 rule_t=159 ovr=0
[srch] t=578 rule_t=289 ovr=0
[srch] t=1042 rule_t=521 ovr=0
[srch] t=980 rule_t=484 ovr=0
[srch] t=959 rule_t=959 ovr=0
[srch] t=982 rule_t=982 ovr=0
[srch] t=952 rule_t=952 ovr=0
[srch] t=893 rule_t=893 ovr=0
[srch] t=865 rule_t=865 ovr=0
[srch] t=820 rule_t=820 ovr=0
[srch] t=846 rule_t=411 ovr=0
[srch] t=827 rule_t=827 ovr=0
[srch] t=856 rule_t=425 ovr=0
[srch] t=895 rule_t=895 ovr=0
[srch] t=176 rule_t=85 ovr=1
[srch] t=233 rule_t=233 ovr=0
[srch] t=255 rule_t=255 ovr=0
[srch] t=315 rule_t=315 ovr=0
[srch] t=429 rule_t=429 ovr=0
[srch] t=1078 rule_t=1078 ovr=0
[srch] t=1126 rule_t=1126 ovr=0
[srch] t=986 rule_t=490 ovr=0
[srch] t=959 rule_t=959 ovr=0
[srch] t=973 rule_t=973 ovr=0
[srch] t=930 rule_t=930 ovr=0
[srch] t=936 rule_t=936 ovr=0
[srch] t=926 rule_t=926 ovr=0
[srch] t=891 rule_t=891 ovr=0
[srch] t=892 rule_t=892 ovr=0
[srch] t=847 rule_t=847 ovr=0
[srch] t=1198 rule_t=1198 ovr=0
[srch] t=1586 rule_t=793 ovr=0
[srch] t=1838 rule_t=1838 ovr=0
[srch] t=34654 rule_t=34654 ovr=0
[srch] t=1065 rule_t=1065 ovr=0
[srch] t=1014 rule_t=504 ovr=0
[srch] t=1082 rule_t=1082 ovr=0
[srch] t=1026 rule_t=338 ovr=0
[srch] t=1018 rule_t=1018 ovr=0
[srch] t=948 rule_t=468 ovr=0
[srch] t=294 rule_t=147 ovr=0
[srch] t=382 rule_t=382 ovr=0
[srch] t=510 rule_t=255 ovr=0
[srch] t=558 rule_t=279 ovr=0
[srch] t=574 rule_t=574 ovr=0
[srch] t=621 rule_t=621 ovr=0
[srch] t=1259 rule_t=1259 ovr=0
[srch] t=1882 rule_t=1882 ovr=0
[srch] t=1360 rule_t=680 ovr=0
[srch] t=2293 rule_t=2293 ovr=0
[srch] t=3329 rule_t=3329 ovr=0
[srch] t=4687 rule_t=4687 ovr=0
[srch] t=3804 rule_t=1264 ovr=0
[srch] t=6374 rule_t=6374 ovr=0
[srch] t=15942 rule_t=15942 ovr=0
[srch] t=36064 rule_t=36064 ovr=0
[sweep_stealthtechnologies_dragapult       ] W3/D0/L1/E0 (Dragapult)
[srch] t=1027 rule_t=1027 ovr=0
[srch] t=1016 rule_t=1016 ovr=0
[srch] t=913 rule_t=913 ovr=0
[srch] t=918 rule_t=298 ovr=0
[srch] t=908 rule_t=454 ovr=0
[srch] t=920 rule_t=920 ovr=0
[srch] t=1255 rule_t=413 ovr=0
[srch] t=991 rule_t=991 ovr=0
[srch] t=1266 rule_t=1266 ovr=0
[srch] t=1299 rule_t=1299 ovr=0
[srch] t=1108 rule_t=1108 ovr=0
[srch] t=1063 rule_t=1063 ovr=0
[srch] t=1012 rule_t=1012 ovr=0
[srch] t=1002 rule_t=1002 ovr=0
[srch] t=984 rule_t=984 ovr=0
[srch] t=1004 rule_t=498 ovr=0
[srch] t=1001 rule_t=1001 ovr=0
[srch] t=972 rule_t=324 ovr=0
[srch] t=976 rule_t=976 ovr=0
[srch] t=1010 rule_t=505 ovr=0
[srch] t=1014 rule_t=1014 ovr=0
[srch] t=1029 rule_t=1029 ovr=0
[srch] t=1047 rule_t=1047 ovr=0
[srch] t=1188 rule_t=1188 ovr=0
[srch] t=1443 rule_t=1443 ovr=0
[srch] t=1666 rule_t=1666 ovr=0
[srch] t=1802 rule_t=1802 ovr=0
[srch] t=1693 rule_t=1693 ovr=0
[srch] t=1944 rule_t=972 ovr=0
[srch] t=1112 rule_t=1112 ovr=0
[srch] t=1006 rule_t=1006 ovr=0
[srch] t=871 rule_t=871 ovr=0
[srch] t=789 rule_t=789 ovr=0
[srch] t=791 rule_t=791 ovr=0
[srch] t=834 rule_t=834 ovr=0
[srch] t=829 rule_t=829 ovr=0
[srch] t=899 rule_t=899 ovr=0
[srch] t=1023 rule_t=1023 ovr=0
[srch] t=1174 rule_t=1174 ovr=0
[srch] t=1273 rule_t=1273 ovr=0
[srch] t=1356 rule_t=1356 ovr=0
[sweep_yukichacha_venusaur_v2              ] W3/D1/L0/E0 (Bulbasaur)
[srch] t=1101 rule_t=1101 ovr=0
[srch] t=1116 rule_t=558 ovr=0
[srch] t=1118 rule_t=1118 ovr=0
[srch] t=1048 rule_t=1048 ovr=0
[srch] t=1006 rule_t=1006 ovr=0
[srch] t=964 rule_t=482 ovr=0
[srch] t=971 rule_t=971 ovr=0
[srch] t=933 rule_t=933 ovr=0
[srch] t=942 rule_t=942 ovr=0
[srch] t=930 rule_t=930 ovr=0
[srch] t=917 rule_t=917 ovr=0
[srch] t=882 rule_t=882 ovr=0
[srch] t=886 rule_t=886 ovr=0
[srch] t=856 rule_t=856 ovr=0
[srch] t=886 rule_t=886 ovr=0
[srch] t=890 rule_t=890 ovr=0
[srch] t=276 rule_t=276 ovr=0
[srch] t=299 rule_t=299 ovr=0
[srch] t=302 rule_t=302 ovr=0
[srch] t=509 rule_t=509 ovr=0
[srch] t=700 rule_t=350 ovr=0
[srch] t=1422 rule_t=711 ovr=0
[srch] t=3886 rule_t=3886 ovr=0
[srch] t=3801 rule_t=3801 ovr=0
[srch] t=15003 rule_t=4995 ovr=0
[srch] t=31512 rule_t=31512 ovr=0
[srch] t=1094 rule_t=1094 ovr=0
[srch] t=976 rule_t=976 ovr=0
[srch] t=982 rule_t=488 ovr=0
[srch] t=970 rule_t=970 ovr=0
[srch] t=900 rule_t=288 ovr=0
[srch] t=933 rule_t=305 ovr=0
[srch] t=912 rule_t=447 ovr=0
[srch] t=878 rule_t=439 ovr=0
[srch] t=883 rule_t=883 ovr=0
[srch] t=877 rule_t=877 ovr=0
[srch] t=843 rule_t=843 ovr=0
[srch] t=2227 rule_t=740 ovr=0
[srch] t=2486 rule_t=1240 ovr=0
[srch] t=3114 rule_t=1557 ovr=0
[srch] t=1068 rule_t=1068 ovr=0
[srch] t=988 rule_t=485 ovr=0
[srch] t=1010 rule_t=505 ovr=0
[srch] t=953 rule_t=953 ovr=0
[srch] t=904 rule_t=452 ovr=0
[srch] t=936 rule_t=936 ovr=0
[srch] t=999 rule_t=999 ovr=0
[srch] t=1296 rule_t=648 ovr=0
[srch] t=9026 rule_t=9026 ovr=0
[srch] t=17538 rule_t=5842 ovr=0
[srch] t=959 rule_t=959 ovr=0
[srch] t=925 rule_t=925 ovr=0
[srch] t=833 rule_t=833 ovr=0
[srch] t=877 rule_t=877 ovr=0
[srch] t=824 rule_t=412 ovr=0
[srch] t=847 rule_t=847 ovr=0
[srch] t=869 rule_t=869 ovr=0
[srch] t=1007 rule_t=1007 ovr=0
[srch] t=699 rule_t=699 ovr=0
[srch] t=562 rule_t=562 ovr=0
[srch] t=1254 rule_t=624 ovr=0
[srch] t=1396 rule_t=698 ovr=0
[sweep_zoli800_dragapult_tempo             ] W4/D0/L0/E0 (Dreepy)
[srch] t=1056 rule_t=1056 ovr=0
[srch] t=896 rule_t=448 ovr=0
[srch] t=884 rule_t=884 ovr=0
[srch] t=977 rule_t=977 ovr=0
[srch] t=252 rule_t=122 ovr=0
[srch] t=262 rule_t=131 ovr=0
[srch] t=268 rule_t=268 ovr=0
[srch] t=328 rule_t=328 ovr=0
[srch] t=316 rule_t=316 ovr=0
[srch] t=963 rule_t=963 ovr=0
[srch] t=13872 rule_t=13872 ovr=0
[srch] t=880 rule_t=436 ovr=0
[srch] t=866 rule_t=866 ovr=0
[srch] t=815 rule_t=815 ovr=0
[srch] t=974 rule_t=974 ovr=0
[srch] t=1087 rule_t=1087 ovr=0
[srch] t=1086 rule_t=354 ovr=0
[srch] t=1298 rule_t=637 ovr=0
[srch] t=1021 rule_t=1021 ovr=0
[srch] t=958 rule_t=958 ovr=0
[srch] t=1026 rule_t=1026 ovr=0
[srch] t=973 rule_t=973 ovr=0
[srch] t=952 rule_t=312 ovr=0
[srch] t=952 rule_t=476 ovr=0
[srch] t=941 rule_t=941 ovr=0
[srch] t=1208 rule_t=1208 ovr=0
[pub_pllinas_archaludon                    ] W3/D0/L1/E0 (archaludon_steel_pllinas)
[own_v17a_mirror                           ] W2/D0/L2/E0 (crustle_great_tusk_lo_mirror)
[srch] t=992 rule_t=328 ovr=0
[srch] t=976 rule_t=976 ovr=0
[srch] t=932 rule_t=932 ovr=0
[srch] t=935 rule_t=935 ovr=0
[srch] t=1072 rule_t=1072 ovr=0
[srch] t=890 rule_t=433 ovr=0
[srch] t=918 rule_t=451 ovr=0
[srch] t=810 rule_t=397 ovr=0
[srch] t=1120 rule_t=556 ovr=0
[srch] t=1680 rule_t=836 ovr=0
[srch] t=3118 rule_t=1551 ovr=0
[srch] t=4938 rule_t=2465 ovr=0
[srch] t=6105 rule_t=6105 ovr=0
[srch] t=7232 rule_t=3616 ovr=0
[srch] t=10153 rule_t=10153 ovr=0
[srch] t=36693 rule_t=36693 ovr=0
[srch] t=983 rule_t=325 ovr=0
[srch] t=1015 rule_t=1015 ovr=0
[srch] t=998 rule_t=998 ovr=0
[srch] t=924 rule_t=924 ovr=0
[srch] t=1140 rule_t=1140 ovr=0
[srch] t=1177 rule_t=1177 ovr=0
[srch] t=550 rule_t=267 ovr=0
[srch] t=568 rule_t=568 ovr=0
[srch] t=548 rule_t=548 ovr=0
[srch] t=727 rule_t=237 ovr=0
[srch] t=860 rule_t=430 ovr=0
[srch] t=990 rule_t=990 ovr=0
[srch] t=1294 rule_t=635 ovr=0
[srch] t=1684 rule_t=838 ovr=0
[srch] t=2636 rule_t=1318 ovr=0
[srch] t=8883 rule_t=2953 ovr=0
[srch] t=1055 rule_t=1055 ovr=0
[srch] t=1012 rule_t=506 ovr=0
[srch] t=972 rule_t=482 ovr=0
[srch] t=961 rule_t=961 ovr=0
[srch] t=907 rule_t=907 ovr=0
[srch] t=901 rule_t=901 ovr=0
[srch] t=287 rule_t=93 ovr=0
[srch] t=288 rule_t=144 ovr=0
[srch] t=398 rule_t=199 ovr=0
[srch] t=421 rule_t=421 ovr=0
[srch] t=586 rule_t=293 ovr=0
[srch] t=686 rule_t=331 ovr=0
[srch] t=886 rule_t=435 ovr=0
[srch] t=1278 rule_t=639 ovr=0
[srch] t=2384 rule_t=1188 ovr=0
[srch] t=4408 rule_t=2200 ovr=0
[srch] t=7216 rule_t=2400 ovr=0
[srch] t=1179 rule_t=1179 ovr=0
[srch] t=1136 rule_t=376 ovr=0
[srch] t=1125 rule_t=1125 ovr=0
[srch] t=1380 rule_t=1380 ovr=0
[srch] t=253 rule_t=81 ovr=0
[srch] t=326 rule_t=163 ovr=1
[pub_sushanth_alakazam_hybrid              ] W3/D0/L1/E0 (alakazam_hybrid_ladder_like)

===== PROXY LEAGUE SUMMARY =====
  W1/D0/L3/E0  pub_naoto714_wall [crustle_wall_pub]
  W2/D0/L2/E0  own_v17a_mirror [crustle_great_tusk_lo_mirror]
  W2/D0/L2/E0  pub_kiyotah_abomasnow [abomasnow]
  W2/D0/L2/E0  pub_lucifer19_battlecore [archaludon_or_alakazam_challenger]
  W2/D0/L2/E0  pub_prvsiyan_alakazam_ladder [alakazam_ladder_disruption]
  W3/D0/L1/E0  own_alakazam_v56_lb934 [alakazam_own_lb934]
  W3/D0/L1/E0  pub_pllinas_archaludon [archaludon_steel_pllinas]
  W3/D0/L1/E0  pub_sushanth_alakazam_hybrid [alakazam_hybrid_ladder_like]
  W2/D2/L0/E0  pub_yukichacha_venusaur [Bulbasaur]
  W3/D0/L1/E0  sweep_stealthtechnologies_dragapult [Dragapult]
  W3/D1/L0/E0  sweep_yukichacha_venusaur_v2 [Bulbasaur]
  W4/D0/L0/E0  pub_daniilkrasnovvv_conservative [conservative_probabilistic]
  W4/D0/L0/E0  pub_dicer992_archaludon [Duraludon]
  W4/D0/L0/E0  pub_jazivxt_crustle_counter [crustle_counter_al220]
  W4/D0/L0/E0  pub_naoto714_kangaskhan_turn2 [rocket_kangaskhan_turn2]
  W4/D0/L0/E0  pub_romanrozen_v10 [Mega Lucario ex]
  W4/D0/L0/E0  public_masamikobayashi_cynthia_garchomp_v1 [cynthia_garchomp_fighting]
  W4/D0/L0/E0  sweep_zoli800_dragapult_tempo [Dreepy]
TOTAL: W54/D3/L15/E0; completed=72/72; WDL=77.1%
out=/private/tmp/ab16j/full/cap10_g2.json
meta=/private/tmp/ab16j/full/cap10_g2.json.meta.json
