[srch] t=1069 rule_t=1069 ovr=0
[srch] t=1010 rule_t=1010 ovr=0
[srch] t=937 rule_t=937 ovr=0
[srch] t=1222 rule_t=611 ovr=0
[srch] t=1277 rule_t=1277 ovr=0
[srch] t=576 rule_t=192 ovr=0
[srch] t=914 rule_t=302 ovr=0
[srch] t=1736 rule_t=576 ovr=0
[srch] t=1866 rule_t=925 ovr=0
[srch] t=2000 rule_t=996 ovr=0
[srch] t=3072 rule_t=1536 ovr=0
[srch] t=4220 rule_t=2110 ovr=0
[srch] t=9799 rule_t=9799 ovr=0
[srch] t=1085 rule_t=1085 ovr=0
[srch] t=986 rule_t=986 ovr=0
[srch] t=1097 rule_t=1097 ovr=0
[srch] t=2980 rule_t=1490 ovr=0
[srch] t=3806 rule_t=1899 ovr=0
[srch] t=6626 rule_t=3309 ovr=0
[srch] t=1083 rule_t=1083 ovr=0
[srch] t=1068 rule_t=530 ovr=0
[srch] t=1079 rule_t=1079 ovr=0
[srch] t=1056 rule_t=1056 ovr=0
[srch] t=948 rule_t=948 ovr=0
[srch] t=272 rule_t=136 ovr=0
[srch] t=232 rule_t=116 ovr=0
[srch] t=288 rule_t=140 ovr=0
[srch] t=290 rule_t=145 ovr=0
[srch] t=329 rule_t=329 ovr=0
[srch] t=480 rule_t=480 ovr=0
[srch] t=508 rule_t=508 ovr=0
[srch] t=640 rule_t=320 ovr=0
[srch] t=946 rule_t=469 ovr=0
[srch] t=957 rule_t=957 ovr=0
[srch] t=1057 rule_t=1057 ovr=0
[srch] t=2086 rule_t=2086 ovr=0
[srch] t=8341 rule_t=8341 ovr=0
[srch] t=1147 rule_t=1147 ovr=0
[srch] t=1042 rule_t=521 ovr=0
[srch] t=931 rule_t=931 ovr=0
[srch] t=908 rule_t=908 ovr=0
[srch] t=923 rule_t=923 ovr=0
[srch] t=928 rule_t=928 ovr=0
[srch] t=1411 rule_t=1411 ovr=0
[srch] t=732 rule_t=354 ovr=0
[srch] t=754 rule_t=373 ovr=0
[srch] t=1216 rule_t=608 ovr=0
[srch] t=3090 rule_t=1533 ovr=0
[srch] t=3662 rule_t=1827 ovr=0
[srch] t=6350 rule_t=3175 ovr=0
[srch] t=1175 rule_t=1175 ovr=0
[srch] t=1030 rule_t=507 ovr=0
[srch] t=1025 rule_t=1025 ovr=0
[srch] t=1021 rule_t=1021 ovr=0
[srch] t=915 rule_t=915 ovr=0
[srch] t=1360 rule_t=1360 ovr=0
[srch] t=1348 rule_t=658 ovr=0
[srch] t=1730 rule_t=857 ovr=0
[srch] t=3978 rule_t=1989 ovr=0
[srch] t=1102 rule_t=1102 ovr=0
[srch] t=1135 rule_t=1135 ovr=0
[srch] t=1039 rule_t=1039 ovr=0
[srch] t=1217 rule_t=1217 ovr=0
[srch] t=924 rule_t=450 ovr=0
[srch] t=988 rule_t=988 ovr=0
[srch] t=1225 rule_t=1225 ovr=0
[srch] t=1591 rule_t=1591 ovr=0
[srch] t=1021 rule_t=1021 ovr=0
[srch] t=1068 rule_t=526 ovr=0
[srch] t=2618 rule_t=1309 ovr=0
[srch] t=4078 rule_t=2039 ovr=0
[srch] t=3795 rule_t=3795 ovr=0
[srch] t=1106 rule_t=553 ovr=0
[srch] t=960 rule_t=480 ovr=0
[srch] t=950 rule_t=950 ovr=0
[srch] t=1162 rule_t=1162 ovr=0
[srch] t=922 rule_t=453 ovr=0
[srch] t=966 rule_t=479 ovr=0
[srch] t=3940 rule_t=1970 ovr=0
[srch] t=1091 rule_t=1091 ovr=0
[srch] t=1108 rule_t=554 ovr=0
[srch] t=1112 rule_t=1112 ovr=0
[srch] t=1121 rule_t=1121 ovr=0
[srch] t=1183 rule_t=1183 ovr=0
[srch] t=1770 rule_t=590 ovr=0
[srch] t=1306 rule_t=649 ovr=0
[srch] t=5098 rule_t=2549 ovr=0
[srch] t=1196 rule_t=1196 ovr=0
[srch] t=1150 rule_t=1150 ovr=0
[srch] t=1236 rule_t=1236 ovr=0
[srch] t=1023 rule_t=1023 ovr=0
[srch] t=1005 rule_t=1005 ovr=0
[srch] t=552 rule_t=276 ovr=0
[srch] t=546 rule_t=273 ovr=0
[srch] t=287 rule_t=287 ovr=0
[srch] t=378 rule_t=378 ovr=0
[srch] t=356 rule_t=116 ovr=1
[srch] t=424 rule_t=424 ovr=0
[srch] t=488 rule_t=236 ovr=0
[srch] t=632 rule_t=632 ovr=0
[srch] t=742 rule_t=371 ovr=0
[srch] t=702 rule_t=234 ovr=0
[srch] t=774 rule_t=383 ovr=0
[srch] t=794 rule_t=794 ovr=0
[srch] t=1154 rule_t=577 ovr=0
[srch] t=1564 rule_t=782 ovr=0
[srch] t=1578 rule_t=789 ovr=0
[srch] t=1783 rule_t=1783 ovr=0
[srch] t=1876 rule_t=1876 ovr=0
[srch] t=1967 rule_t=1967 ovr=0
[srch] t=2086 rule_t=2086 ovr=0
[srch] t=3188 rule_t=1594 ovr=0
[srch] t=2958 rule_t=978 ovr=0
[srch] t=12762 rule_t=12762 ovr=0
[srch] t=1109 rule_t=1109 ovr=0
[srch] t=1062 rule_t=1062 ovr=0
[srch] t=973 rule_t=973 ovr=0
[srch] t=1007 rule_t=1007 ovr=0
[srch] t=678 rule_t=331 ovr=0
[srch] t=757 rule_t=247 ovr=0
[srch] t=646 rule_t=323 ovr=0
[srch] t=739 rule_t=739 ovr=0
[srch] t=948 rule_t=948 ovr=0
[srch] t=722 rule_t=722 ovr=0
[srch] t=1855 rule_t=1855 ovr=0
[srch] t=536 rule_t=264 ovr=0
[srch] t=680 rule_t=340 ovr=0
[srch] t=4441 rule_t=4441 ovr=0
[srch] t=19211 rule_t=19211 ovr=0
[srch] t=42952 rule_t=42952 ovr=0
[srch] t=974 rule_t=483 ovr=0
[srch] t=977 rule_t=977 ovr=0
[srch] t=922 rule_t=922 ovr=0
[srch] t=296 rule_t=82 ovr=0
[srch] t=556 rule_t=180 ovr=0
[srch] t=676 rule_t=330 ovr=0
[srch] t=721 rule_t=721 ovr=0
[srch] t=748 rule_t=244 ovr=0
[srch] t=662 rule_t=323 ovr=0
[srch] t=668 rule_t=330 ovr=0
[srch] t=1278 rule_t=639 ovr=0
[srch] t=2498 rule_t=1241 ovr=0
[srch] t=1816 rule_t=900 ovr=0
[srch] t=2538 rule_t=1269 ovr=0
[srch] t=12940 rule_t=4308 ovr=0
[public_ryotasueyoshi_best5                ] W10/D0/L2/E0 (alakazam_control)
[srch] t=1155 rule_t=1155 ovr=0
[srch] t=1163 rule_t=1163 ovr=0
[srch] t=1168 rule_t=1168 ovr=0
[srch] t=1080 rule_t=537 ovr=0
[srch] t=1020 rule_t=332 ovr=0
[srch] t=1127 rule_t=1127 ovr=0
[srch] t=1796 rule_t=898 ovr=0
[srch] t=2006 rule_t=2006 ovr=0
[srch] t=2187 rule_t=2187 ovr=0
[srch] t=2859 rule_t=2859 ovr=0
[srch] t=3198 rule_t=3198 ovr=0
[srch] t=3674 rule_t=3674 ovr=0
[srch] t=3660 rule_t=1821 ovr=0
[srch] t=4096 rule_t=4096 ovr=0
[srch] t=3998 rule_t=3998 ovr=0
[srch] t=5433 rule_t=5433 ovr=0
[srch] t=38441 rule_t=38441 ovr=0
[srch] t=1042 rule_t=1042 ovr=0
[srch] t=1094 rule_t=547 ovr=0
[srch] t=1104 rule_t=1104 ovr=0
[srch] t=258 rule_t=126 ovr=0
[srch] t=282 rule_t=141 ovr=0
[srch] t=276 rule_t=276 ovr=0
[srch] t=500 rule_t=500 ovr=0
[srch] t=520 rule_t=520 ovr=0
[srch] t=522 rule_t=522 ovr=0
[srch] t=738 rule_t=369 ovr=0
[srch] t=1350 rule_t=675 ovr=0
[srch] t=1054 rule_t=527 ovr=0
[srch] t=1036 rule_t=1036 ovr=0
[srch] t=630 rule_t=206 ovr=0
[srch] t=582 rule_t=291 ovr=0
[srch] t=681 rule_t=681 ovr=0
[srch] t=926 rule_t=926 ovr=0
[srch] t=988 rule_t=988 ovr=0
[srch] t=1782 rule_t=1782 ovr=0
[srch] t=1991 rule_t=1991 ovr=0
[srch] t=2148 rule_t=2148 ovr=0
[srch] t=2292 rule_t=2292 ovr=0
[srch] t=2599 rule_t=2599 ovr=0
[srch] t=3510 rule_t=3510 ovr=0
[srch] t=5416 rule_t=5416 ovr=0
[srch] t=1215 rule_t=1215 ovr=0
[srch] t=1330 rule_t=659 ovr=0
[srch] t=1292 rule_t=1292 ovr=0
[srch] t=988 rule_t=988 ovr=0
[srch] t=617 rule_t=617 ovr=0
[srch] t=1412 rule_t=1412 ovr=0
[srch] t=816 rule_t=816 ovr=0
[srch] t=2142 rule_t=2142 ovr=0
[srch] t=2742 rule_t=2742 ovr=0
[srch] t=1945 rule_t=1945 ovr=0
[srch] t=3786 rule_t=1893 ovr=0
[srch] t=16930 rule_t=8462 ovr=0
[srch] t=769 rule_t=769 ovr=0
[srch] t=744 rule_t=246 ovr=0
[srch] t=722 rule_t=722 ovr=0
[srch] t=677 rule_t=677 ovr=0
[srch] t=673 rule_t=673 ovr=0
[srch] t=691 rule_t=691 ovr=0
[srch] t=227 rule_t=76 ovr=0
[srch] t=238 rule_t=238 ovr=0
[srch] t=270 rule_t=90 ovr=0
[srch] t=308 rule_t=154 ovr=0
[srch] t=329 rule_t=329 ovr=0
[srch] t=399 rule_t=399 ovr=0
[srch] t=544 rule_t=544 ovr=0
[srch] t=472 rule_t=233 ovr=0
[srch] t=468 rule_t=231 ovr=0
[srch] t=724 rule_t=362 ovr=0
[srch] t=656 rule_t=322 ovr=0
[srch] t=1012 rule_t=506 ovr=0
[srch] t=1088 rule_t=544 ovr=0
[srch] t=1530 rule_t=765 ovr=0
[srch] t=1730 rule_t=1730 ovr=0
[srch] t=1926 rule_t=1926 ovr=0
[srch] t=804 rule_t=804 ovr=0
[srch] t=928 rule_t=464 ovr=0
[srch] t=297 rule_t=99 ovr=0
[srch] t=313 rule_t=313 ovr=0
[srch] t=359 rule_t=359 ovr=0
[srch] t=664 rule_t=664 ovr=0
[srch] t=839 rule_t=839 ovr=0
[srch] t=1632 rule_t=1632 ovr=0
[srch] t=2352 rule_t=2352 ovr=0
[srch] t=2548 rule_t=2548 ovr=0
[srch] t=2879 rule_t=2879 ovr=0
[srch] t=2894 rule_t=1444 ovr=0
[srch] t=3078 rule_t=3078 ovr=0
[srch] t=2192 rule_t=1096 ovr=0
[srch] t=2074 rule_t=2074 ovr=0
[srch] t=2186 rule_t=2186 ovr=0
[srch] t=2424 rule_t=2424 ovr=0
[srch] t=4850 rule_t=2416 ovr=0
[srch] t=10182 rule_t=3392 ovr=0
[srch] t=26112 rule_t=26112 ovr=0
[srch] t=760 rule_t=380 ovr=0
[srch] t=771 rule_t=771 ovr=0
[srch] t=999 rule_t=999 ovr=0
[srch] t=424 rule_t=212 ovr=0
[srch] t=487 rule_t=487 ovr=0
[srch] t=908 rule_t=451 ovr=0
[srch] t=1030 rule_t=515 ovr=0
[srch] t=666 rule_t=333 ovr=0
[srch] t=618 rule_t=309 ovr=0
[srch] t=700 rule_t=700 ovr=0
[srch] t=352 rule_t=176 ovr=0
[srch] t=376 rule_t=188 ovr=0
[srch] t=376 rule_t=376 ovr=0
[srch] t=252 rule_t=126 ovr=0
[srch] t=310 rule_t=155 ovr=0
[srch] t=298 rule_t=298 ovr=0
[srch] t=436 rule_t=436 ovr=0
[srch] t=440 rule_t=214 ovr=0
[srch] t=456 rule_t=152 ovr=0
[srch] t=506 rule_t=253 ovr=0
[srch] t=268 rule_t=128 ovr=0
[srch] t=476 rule_t=235 ovr=0
[srch] t=342 rule_t=171 ovr=0
[srch] t=336 rule_t=336 ovr=0
[srch] t=400 rule_t=400 ovr=0
[srch] t=672 rule_t=672 ovr=0
[srch] t=731 rule_t=731 ovr=0
[srch] t=1236 rule_t=612 ovr=0
[srch] t=1204 rule_t=1204 ovr=0
[srch] t=1156 rule_t=572 ovr=0
[srch] t=1544 rule_t=769 ovr=0
[srch] t=2342 rule_t=1171 ovr=0
[srch] t=3184 rule_t=1592 ovr=0
[srch] t=9642 rule_t=4821 ovr=0
[srch] t=1040 rule_t=1040 ovr=0
[srch] t=1014 rule_t=1014 ovr=0
[srch] t=908 rule_t=451 ovr=1
[srch] t=752 rule_t=752 ovr=0
[srch] t=757 rule_t=757 ovr=0
[srch] t=896 rule_t=896 ovr=0
[srch] t=416 rule_t=205 ovr=0
[srch] t=406 rule_t=203 ovr=0
[srch] t=398 rule_t=199 ovr=0
[srch] t=433 rule_t=433 ovr=0
[srch] t=358 rule_t=116 ovr=0
[srch] t=472 rule_t=236 ovr=0
[srch] t=526 rule_t=260 ovr=0
[srch] t=512 rule_t=256 ovr=0
[srch] t=510 rule_t=243 ovr=0
[srch] t=602 rule_t=292 ovr=0
[srch] t=586 rule_t=290 ovr=0
[srch] t=650 rule_t=325 ovr=0
[srch] t=649 rule_t=649 ovr=0
[srch] t=666 rule_t=330 ovr=0
[srch] t=753 rule_t=753 ovr=0
[srch] t=761 rule_t=761 ovr=0
[srch] t=2337 rule_t=777 ovr=0
[srch] t=5664 rule_t=1886 ovr=0
[srch] t=755 rule_t=755 ovr=0
[srch] t=723 rule_t=723 ovr=0
[srch] t=275 rule_t=275 ovr=0
[srch] t=1088 rule_t=544 ovr=1
[srch] t=4960 rule_t=2477 ovr=0
[srch] t=833 rule_t=833 ovr=0
[srch] t=778 rule_t=377 ovr=0
[srch] t=769 rule_t=769 ovr=0
[srch] t=698 rule_t=334 ovr=0
[srch] t=390 rule_t=195 ovr=0
[srch] t=415 rule_t=415 ovr=0
[srch] t=942 rule_t=468 ovr=0
[srch] t=1090 rule_t=545 ovr=0
[srch] t=1536 rule_t=768 ovr=0
[srch] t=2364 rule_t=1182 ovr=0
[srch] t=1520 rule_t=1520 ovr=0
[srch] t=2278 rule_t=2278 ovr=0
[srch] t=302 rule_t=142 ovr=0
[srch] t=288 rule_t=92 ovr=0
[srch] t=312 rule_t=150 ovr=0
[srch] t=364 rule_t=179 ovr=0
[srch] t=450 rule_t=225 ovr=1
[srch] t=452 rule_t=226 ovr=0
[srch] t=528 rule_t=264 ovr=0
[srch] t=2562 rule_t=1278 ovr=0
[pub_borealis27_elo1150                    ] W12/D0/L0/E0 (Mega Lucario ex)
[srch] t=870 rule_t=435 ovr=0
[srch] t=875 rule_t=875 ovr=0
[srch] t=867 rule_t=289 ovr=0
[srch] t=870 rule_t=435 ovr=0
[srch] t=854 rule_t=427 ovr=0
[srch] t=843 rule_t=843 ovr=0
[srch] t=851 rule_t=851 ovr=0
[srch] t=830 rule_t=830 ovr=0
[srch] t=834 rule_t=834 ovr=0
[srch] t=850 rule_t=850 ovr=0
[srch] t=847 rule_t=847 ovr=0
[srch] t=851 rule_t=851 ovr=0
[srch] t=865 rule_t=865 ovr=0
[srch] t=996 rule_t=498 ovr=1
[srch] t=1012 rule_t=1012 ovr=0
[srch] t=1035 rule_t=1035 ovr=0
[srch] t=956 rule_t=478 ovr=0
[srch] t=952 rule_t=472 ovr=0
[srch] t=990 rule_t=487 ovr=0
[srch] t=998 rule_t=330 ovr=0
[srch] t=994 rule_t=493 ovr=0
[srch] t=988 rule_t=494 ovr=0
[srch] t=924 rule_t=458 ovr=0
[srch] t=1030 rule_t=511 ovr=0
[srch] t=1074 rule_t=529 ovr=0
[srch] t=1082 rule_t=358 ovr=0
[srch] t=332 rule_t=158 ovr=0
[srch] t=356 rule_t=174 ovr=0
[srch] t=381 rule_t=381 ovr=0
[srch] t=552 rule_t=276 ovr=1
[srch] t=622 rule_t=622 ovr=0
[srch] t=2186 rule_t=2186 ovr=0
[srch] t=2362 rule_t=2362 ovr=0
[srch] t=3274 rule_t=3274 ovr=0
[srch] t=4582 rule_t=2291 ovr=0
[srch] t=5718 rule_t=5718 ovr=0
[srch] t=26319 rule_t=26319 ovr=0
[pub_souta_elo1208                         ] W11/D0/L1/E0 (crustle_great_tusk_libraryout)
[srch] t=2130 rule_t=702 ovr=0
[srch] t=2321 rule_t=2321 ovr=0
[srch] t=1594 rule_t=526 ovr=0
[srch] t=1570 rule_t=781 ovr=0
[srch] t=1677 rule_t=1677 ovr=0
[srch] t=1518 rule_t=759 ovr=0
[srch] t=1579 rule_t=1579 ovr=0
[srch] t=1394 rule_t=1394 ovr=0
[srch] t=1445 rule_t=479 ovr=0
[srch] t=1506 rule_t=1506 ovr=0
[srch] t=1800 rule_t=888 ovr=0
[srch] t=3878 rule_t=3878 ovr=0
[srch] t=1692 rule_t=830 ovr=0
[srch] t=1717 rule_t=1717 ovr=0
[srch] t=1282 rule_t=621 ovr=0
[srch] t=1316 rule_t=650 ovr=0
[srch] t=1526 rule_t=763 ovr=0
[srch] t=1792 rule_t=1792 ovr=0
[srch] t=2866 rule_t=2866 ovr=0
[srch] t=2618 rule_t=1297 ovr=0
[srch] t=2530 rule_t=1257 ovr=0
[srch] t=1830 rule_t=911 ovr=0
[srch] t=1756 rule_t=580 ovr=0
[srch] t=1912 rule_t=956 ovr=0
[srch] t=3316 rule_t=1658 ovr=0
[srch] t=1016 rule_t=504 ovr=0
[srch] t=3466 rule_t=1733 ovr=0
[srch] t=1501 rule_t=1501 ovr=0
[srch] t=1510 rule_t=1510 ovr=0
[srch] t=1288 rule_t=640 ovr=0
[srch] t=1296 rule_t=432 ovr=0
[srch] t=1312 rule_t=1312 ovr=0
[srch] t=1273 rule_t=1273 ovr=0
[srch] t=1296 rule_t=1296 ovr=0
[srch] t=1545 rule_t=1545 ovr=0
[srch] t=2064 rule_t=1024 ovr=0
[srch] t=2070 rule_t=2070 ovr=0
[srch] t=1927 rule_t=1927 ovr=0
[srch] t=2178 rule_t=1085 ovr=0
[srch] t=2426 rule_t=1213 ovr=0
[srch] t=2524 rule_t=2524 ovr=0
[srch] t=2076 rule_t=2076 ovr=0
[srch] t=2458 rule_t=2458 ovr=0
[srch] t=11922 rule_t=11922 ovr=0
[srch] t=948 rule_t=316 ovr=0
[srch] t=804 rule_t=402 ovr=0
[srch] t=880 rule_t=440 ovr=0
[srch] t=1030 rule_t=1030 ovr=0
[srch] t=1066 rule_t=1066 ovr=0
[srch] t=9897 rule_t=9897 ovr=0
[srch] t=1498 rule_t=749 ovr=0
[srch] t=1513 rule_t=1513 ovr=0
[srch] t=3510 rule_t=1755 ovr=0
[srch] t=11450 rule_t=5725 ovr=0
[srch] t=1506 rule_t=1506 ovr=0
[srch] t=1474 rule_t=733 ovr=0
[srch] t=1508 rule_t=754 ovr=0
[srch] t=1483 rule_t=489 ovr=0
[srch] t=1524 rule_t=508 ovr=0
[srch] t=1530 rule_t=765 ovr=0
[srch] t=1550 rule_t=1550 ovr=0
[srch] t=1516 rule_t=746 ovr=0
[srch] t=1530 rule_t=765 ovr=0
[srch] t=2671 rule_t=885 ovr=0
[srch] t=2860 rule_t=1418 ovr=0
[srch] t=2870 rule_t=1435 ovr=0
[srch] t=8664 rule_t=4324 ovr=0
[srch] t=12731 rule_t=12731 ovr=0
[srch] t=1980 rule_t=986 ovr=0
[srch] t=2046 rule_t=2046 ovr=0
[srch] t=1972 rule_t=986 ovr=0
[srch] t=1971 rule_t=1971 ovr=0
[srch] t=2045 rule_t=2045 ovr=0
[srch] t=2309 rule_t=2309 ovr=0
[srch] t=1985 rule_t=1985 ovr=0
[srch] t=1994 rule_t=1994 ovr=0
[srch] t=1556 rule_t=778 ovr=0
[srch] t=2001 rule_t=2001 ovr=0
[srch] t=2159 rule_t=2159 ovr=0
[srch] t=1896 rule_t=944 ovr=0
[srch] t=2134 rule_t=2134 ovr=0
[srch] t=2552 rule_t=2552 ovr=0
[srch] t=1434 rule_t=478 ovr=1
[srch] t=1395 rule_t=1395 ovr=0
[srch] t=752 rule_t=248 ovr=0
[srch] t=758 rule_t=375 ovr=0
[srch] t=932 rule_t=466 ovr=0
[srch] t=28336 rule_t=28336 ovr=0
[srch] t=1842 rule_t=614 ovr=0
[srch] t=1771 rule_t=585 ovr=0
[srch] t=1818 rule_t=606 ovr=0
[srch] t=1386 rule_t=689 ovr=0
[srch] t=3142 rule_t=1567 ovr=0
[srch] t=3434 rule_t=1717 ovr=0
[srch] t=2230 rule_t=1111 ovr=0
[srch] t=2422 rule_t=1211 ovr=0
[srch] t=1629 rule_t=535 ovr=0
[srch] t=1650 rule_t=825 ovr=0
[srch] t=864 rule_t=428 ovr=0
[srch] t=818 rule_t=409 ovr=0
[srch] t=1707 rule_t=1707 ovr=0
[srch] t=794 rule_t=385 ovr=0
[srch] t=1141 rule_t=1141 ovr=0
[srch] t=1187 rule_t=1187 ovr=0
[srch] t=1240 rule_t=408 ovr=0
[srch] t=1578 rule_t=789 ovr=0
[srch] t=1952 rule_t=976 ovr=0
[srch] t=2220 rule_t=2220 ovr=0
[srch] t=2387 rule_t=2387 ovr=0
[srch] t=1752 rule_t=876 ovr=0
[srch] t=1874 rule_t=937 ovr=0
[srch] t=2035 rule_t=2035 ovr=0
[srch] t=2167 rule_t=2167 ovr=0
[srch] t=2741 rule_t=2741 ovr=0
[srch] t=3008 rule_t=3008 ovr=0
[srch] t=1665 rule_t=547 ovr=0
[srch] t=1404 rule_t=1404 ovr=0
[srch] t=1433 rule_t=475 ovr=0
[srch] t=1424 rule_t=1424 ovr=0
[srch] t=1473 rule_t=491 ovr=0
[srch] t=1528 rule_t=1528 ovr=0
[srch] t=1844 rule_t=922 ovr=0
[srch] t=2086 rule_t=1039 ovr=0
[srch] t=2025 rule_t=2025 ovr=0
[srch] t=1960 rule_t=976 ovr=0
[srch] t=2131 rule_t=2131 ovr=0
[srch] t=1824 rule_t=608 ovr=0
[srch] t=1878 rule_t=939 ovr=0
[srch] t=1924 rule_t=636 ovr=0
[srch] t=1954 rule_t=973 ovr=0
[srch] t=2032 rule_t=1016 ovr=0
[srch] t=1438 rule_t=719 ovr=0
[srch] t=1370 rule_t=685 ovr=0
[srch] t=806 rule_t=403 ovr=0
[srch] t=496 rule_t=244 ovr=0
[srch] t=484 rule_t=242 ovr=0
[srch] t=584 rule_t=292 ovr=0
[srch] t=672 rule_t=328 ovr=0
[srch] t=901 rule_t=295 ovr=0
[srch] t=936 rule_t=312 ovr=0
[srch] t=980 rule_t=490 ovr=0
[srch] t=916 rule_t=442 ovr=0
[srch] t=1094 rule_t=362 ovr=0
[srch] t=1077 rule_t=359 ovr=0
[srch] t=1070 rule_t=531 ovr=0
[srch] t=2132 rule_t=1062 ovr=0
[pub_prvsiyan_grimmsnarl_bc                ] W10/D0/L2/E0 (grimmsnarl_darkness_froslass)
[srch] t=1806 rule_t=1806 ovr=0
[srch] t=1720 rule_t=860 ovr=0
[srch] t=1720 rule_t=1720 ovr=0
[srch] t=1632 rule_t=816 ovr=0
[srch] t=1510 rule_t=490 ovr=0
[srch] t=1443 rule_t=481 ovr=0
[srch] t=1432 rule_t=716 ovr=0
[srch] t=1463 rule_t=477 ovr=0
[srch] t=2358 rule_t=1175 ovr=0
[srch] t=2274 rule_t=2274 ovr=0
[srch] t=2389 rule_t=2389 ovr=0
[srch] t=2394 rule_t=2394 ovr=0
[srch] t=2922 rule_t=1457 ovr=0
[srch] t=3415 rule_t=3415 ovr=0
[srch] t=1318 rule_t=655 ovr=0
[srch] t=1392 rule_t=1392 ovr=0
[srch] t=1232 rule_t=612 ovr=0
[srch] t=1491 rule_t=1491 ovr=0
[srch] t=1134 rule_t=1134 ovr=0
[srch] t=1039 rule_t=341 ovr=0
[srch] t=1238 rule_t=1238 ovr=0
[srch] t=1918 rule_t=959 ovr=0
[srch] t=2900 rule_t=1450 ovr=0
[srch] t=16642 rule_t=8313 ovr=0
[srch] t=23152 rule_t=23152 ovr=0
[srch] t=1930 rule_t=965 ovr=0
[srch] t=1905 rule_t=1905 ovr=0
[srch] t=1831 rule_t=1831 ovr=0
[srch] t=1664 rule_t=824 ovr=0
[srch] t=1532 rule_t=758 ovr=0
[srch] t=1260 rule_t=1260 ovr=0
[srch] t=1236 rule_t=1236 ovr=0
[srch] t=1430 rule_t=1430 ovr=0
[srch] t=2136 rule_t=2136 ovr=0
[srch] t=598 rule_t=299 ovr=0
[srch] t=568 rule_t=284 ovr=0
[srch] t=718 rule_t=359 ovr=0
[srch] t=966 rule_t=483 ovr=0
[srch] t=1236 rule_t=1236 ovr=0
[srch] t=2028 rule_t=1014 ovr=0
[srch] t=2014 rule_t=1007 ovr=0
[srch] t=2089 rule_t=2089 ovr=0
[srch] t=1450 rule_t=478 ovr=0
[srch] t=1344 rule_t=664 ovr=0
[srch] t=1455 rule_t=1455 ovr=0
[srch] t=1408 rule_t=1408 ovr=0
[srch] t=1438 rule_t=1438 ovr=0
[srch] t=2898 rule_t=1449 ovr=0
[srch] t=2580 rule_t=2580 ovr=0
[srch] t=1627 rule_t=1627 ovr=0
[srch] t=1611 rule_t=1611 ovr=0
[srch] t=1670 rule_t=1670 ovr=0
[srch] t=1455 rule_t=1455 ovr=0
[srch] t=1351 rule_t=1351 ovr=0
[srch] t=1383 rule_t=1383 ovr=0
[srch] t=1300 rule_t=1300 ovr=0
[srch] t=1682 rule_t=837 ovr=0
[srch] t=1694 rule_t=847 ovr=0
[srch] t=1420 rule_t=706 ovr=0
[srch] t=1446 rule_t=482 ovr=0
[srch] t=1610 rule_t=1610 ovr=0
[srch] t=1657 rule_t=547 ovr=1
[srch] t=1500 rule_t=500 ovr=0
[srch] t=1598 rule_t=1598 ovr=0
[srch] t=1592 rule_t=1592 ovr=0
[srch] t=1584 rule_t=788 ovr=0
[srch] t=1722 rule_t=1722 ovr=0
[srch] t=26968 rule_t=26968 ovr=0
[srch] t=1463 rule_t=485 ovr=0
[srch] t=1372 rule_t=678 ovr=0
[srch] t=1328 rule_t=652 ovr=0
[srch] t=1436 rule_t=476 ovr=0
[srch] t=1428 rule_t=1428 ovr=0
[srch] t=1314 rule_t=438 ovr=0
[srch] t=1419 rule_t=473 ovr=0
[srch] t=1419 rule_t=1419 ovr=0
[srch] t=1490 rule_t=737 ovr=0
[srch] t=2697 rule_t=2697 ovr=0
[srch] t=2904 rule_t=1436 ovr=0
[srch] t=3226 rule_t=1070 ovr=0
[srch] t=2252 rule_t=1122 ovr=0
[srch] t=4896 rule_t=2448 ovr=0
[srch] t=5702 rule_t=2847 ovr=0
[srch] t=6140 rule_t=3066 ovr=0
[srch] t=18354 rule_t=9177 ovr=0
[srch] t=1406 rule_t=703 ovr=0
[srch] t=1359 rule_t=1359 ovr=0
[srch] t=1381 rule_t=1381 ovr=0
[srch] t=1348 rule_t=674 ovr=0
[srch] t=1377 rule_t=1377 ovr=0
[srch] t=1462 rule_t=723 ovr=0
[srch] t=1566 rule_t=1566 ovr=0
[srch] t=1260 rule_t=630 ovr=0
[srch] t=624 rule_t=624 ovr=0
[srch] t=628 rule_t=310 ovr=0
[srch] t=642 rule_t=642 ovr=0
[srch] t=308 rule_t=308 ovr=0
[srch] t=357 rule_t=357 ovr=0
[srch] t=394 rule_t=394 ovr=0
[srch] t=360 rule_t=180 ovr=0
[srch] t=310 rule_t=155 ovr=1
[srch] t=272 rule_t=136 ovr=1
[srch] t=148 rule_t=74 ovr=0
[srch] t=260 rule_t=130 ovr=0
[srch] t=1597 rule_t=1597 ovr=0
[srch] t=1632 rule_t=1632 ovr=0
[srch] t=1611 rule_t=1611 ovr=0
[srch] t=1791 rule_t=1791 ovr=0
[srch] t=1434 rule_t=717 ovr=0
[srch] t=2642 rule_t=1313 ovr=0
[srch] t=3144 rule_t=1564 ovr=0
[srch] t=1722 rule_t=857 ovr=0
[srch] t=3786 rule_t=1893 ovr=0
[srch] t=4308 rule_t=2154 ovr=0
[srch] t=654 rule_t=311 ovr=0
[srch] t=672 rule_t=324 ovr=0
[srch] t=1082 rule_t=537 ovr=0
[srch] t=1072 rule_t=1072 ovr=0
[srch] t=1089 rule_t=1089 ovr=0
[srch] t=1410 rule_t=701 ovr=0
[srch] t=2210 rule_t=1097 ovr=0
[srch] t=3198 rule_t=1599 ovr=0
[srch] t=2820 rule_t=1406 ovr=0
[srch] t=4794 rule_t=2397 ovr=0
[srch] t=8780 rule_t=8780 ovr=0
[srch] t=1870 rule_t=931 ovr=0
[srch] t=1866 rule_t=1866 ovr=0
[srch] t=1602 rule_t=801 ovr=0
[srch] t=1646 rule_t=1646 ovr=0
[srch] t=1706 rule_t=841 ovr=0
[srch] t=1768 rule_t=876 ovr=0
[srch] t=1424 rule_t=464 ovr=0
[srch] t=1441 rule_t=475 ovr=0
[srch] t=1596 rule_t=798 ovr=0
[srch] t=2225 rule_t=2225 ovr=0
[srch] t=2262 rule_t=1115 ovr=0
[srch] t=2666 rule_t=2666 ovr=0
[srch] t=4144 rule_t=2072 ovr=0
[srch] t=5102 rule_t=5102 ovr=0
[srch] t=1310 rule_t=651 ovr=0
[srch] t=1490 rule_t=494 ovr=0
[srch] t=1564 rule_t=782 ovr=0
[srch] t=1589 rule_t=1589 ovr=0
[srch] t=1712 rule_t=1712 ovr=0
[srch] t=2238 rule_t=2238 ovr=0
[srch] t=2857 rule_t=2857 ovr=0
[srch] t=4396 rule_t=4396 ovr=0
[srch] t=10602 rule_t=10602 ovr=0
[srch] t=1454 rule_t=727 ovr=0
[srch] t=1743 rule_t=581 ovr=0
[srch] t=1574 rule_t=787 ovr=0
[srch] t=1708 rule_t=854 ovr=0
[srch] t=1386 rule_t=685 ovr=0
[srch] t=2158 rule_t=1075 ovr=0
[srch] t=21660 rule_t=21660 ovr=0
[srch] t=1407 rule_t=1407 ovr=0
[srch] t=1101 rule_t=367 ovr=0
[srch] t=1145 rule_t=1145 ovr=0
[srch] t=1121 rule_t=1121 ovr=0
[srch] t=1176 rule_t=1176 ovr=0
[srch] t=284 rule_t=138 ovr=0
[srch] t=284 rule_t=284 ovr=0
[srch] t=228 rule_t=114 ovr=0
[srch] t=243 rule_t=243 ovr=0
[srch] t=216 rule_t=216 ovr=0
[srch] t=252 rule_t=122 ovr=0
[srch] t=340 rule_t=170 ovr=0
[srch] t=416 rule_t=208 ovr=0
[srch] t=1885 rule_t=623 ovr=0
[srch] t=2804 rule_t=924 ovr=0
[srch] t=6892 rule_t=3430 ovr=0
[srch] t=20319 rule_t=20319 ovr=0
[srch] t=1534 rule_t=759 ovr=0
[srch] t=1487 rule_t=1487 ovr=0
[srch] t=1259 rule_t=417 ovr=0
[srch] t=1604 rule_t=802 ovr=0
[srch] t=312 rule_t=312 ovr=0
[srch] t=335 rule_t=335 ovr=0
[srch] t=314 rule_t=157 ovr=0
[srch] t=308 rule_t=154 ovr=0
[srch] t=318 rule_t=318 ovr=0
[srch] t=344 rule_t=172 ovr=0
[srch] t=326 rule_t=159 ovr=0
[srch] t=370 rule_t=185 ovr=0
[srch] t=360 rule_t=360 ovr=0
[srch] t=436 rule_t=218 ovr=0
[srch] t=587 rule_t=193 ovr=0
[srch] t=606 rule_t=299 ovr=0
[srch] t=595 rule_t=595 ovr=0
[srch] t=639 rule_t=213 ovr=0
[srch] t=868 rule_t=426 ovr=0
[srch] t=920 rule_t=920 ovr=0
[srch] t=1025 rule_t=1025 ovr=0
[srch] t=1194 rule_t=589 ovr=0
[srch] t=1136 rule_t=1136 ovr=0
[srch] t=1928 rule_t=640 ovr=0
[srch] t=3626 rule_t=1801 ovr=0
[srch] t=4141 rule_t=4141 ovr=0
[srch] t=6376 rule_t=3184 ovr=0
[srch] t=8649 rule_t=8649 ovr=0
[pub_tetsutani_grimmsnarl                  ] W6/D0/L6/E0 (grimmsnarl_froslass_chip)

===== PROXY LEAGUE SUMMARY =====
  W6/D0/L6/E0  pub_tetsutani_grimmsnarl [grimmsnarl_froslass_chip]
  W10/D0/L2/E0  pub_prvsiyan_grimmsnarl_bc [grimmsnarl_darkness_froslass]
  W10/D0/L2/E0  public_ryotasueyoshi_best5 [alakazam_control]
  W11/D0/L1/E0  pub_souta_elo1208 [crustle_great_tusk_libraryout]
  W12/D0/L0/E0  pub_borealis27_elo1150 [Mega Lucario ex]
TOTAL: W49/D0/L11/E0; completed=60/60; WDL=81.7%
out=/private/tmp/ab16j/fixed_cap10.json
meta=/private/tmp/ab16j/fixed_cap10.json.meta.json
